#
# There is insufficient memory for the Java Runtime Environment to continue.
# Native memory allocation (malloc) failed to allocate 978016 bytes. Error detail: Chunk::new
# Possible reasons:
#   The system is out of physical RAM or swap space
#   This process is running with CompressedOops enabled, and the Java Heap may be blocking the growth of the native heap
# Possible solutions:
#   Reduce memory load on the system
#   Increase physical memory or swap space
#   Check if swap backing store is full
#   Decrease Java heap size (-Xmx/-Xms)
#   Decrease number of Java threads
#   Decrease Java thread stack sizes (-Xss)
#   Set larger code cache with -XX:ReservedCodeCacheSize=
#   JVM is running with Unscaled Compressed Oops mode in which the Java heap is
#     placed in the first 4GB address space. The Java Heap base address is the
#     maximum limit for the native heap growth. Please use -XX:HeapBaseMinAddress
#     to set the Java Heap base and to place the Java Heap above 4GB virtual address.
# This output file may be truncated or incomplete.
#
#  Out of Memory Error (arena.cpp:168), pid=292344, tid=293312
#
# JRE version: OpenJDK Runtime Environment Temurin-21.0.10+7 (21.0.10+7) (build 21.0.10+7-LTS)
# Java VM: OpenJDK 64-Bit Server VM Temurin-21.0.10+7 (21.0.10+7-LTS, mixed mode, sharing, tiered, compressed oops, compressed class ptrs, g1 gc, windows-amd64)
# No core dump will be written. Minidumps are not enabled by default on client versions of Windows
#

---------------  S U M M A R Y ------------

Command Line: --add-opens=java.base/java.lang=ALL-UNNAMED --add-opens=java.base/java.lang.invoke=ALL-UNNAMED --add-opens=java.base/java.util=ALL-UNNAMED --add-opens=java.prefs/java.util.prefs=ALL-UNNAMED --add-exports=jdk.compiler/com.sun.tools.javac.api=ALL-UNNAMED --add-exports=jdk.compiler/com.sun.tools.javac.util=ALL-UNNAMED --add-opens=java.base/java.util=ALL-UNNAMED --add-opens=java.prefs/java.util.prefs=ALL-UNNAMED --add-opens=java.base/java.nio.charset=ALL-UNNAMED --add-opens=java.base/java.net=ALL-UNNAMED --add-opens=java.base/java.util.concurrent.atomic=ALL-UNNAMED --add-opens=java.xml/javax.xml.namespace=ALL-UNNAMED -Xmx1024m -Dfile.encoding=UTF-8 -Duser.country=CN -Duser.language=zh -Duser.variant -javaagent:C:\Users\30720\.gradle\wrapper\dists\gradle-8.13-bin\5xuhj0ry160q40clulazy9h7d\gradle-8.13\lib\agents\gradle-instrumentation-agent-8.13.jar org.gradle.launcher.daemon.bootstrap.GradleDaemon 8.13

Host: AMD Ryzen 9 7945HX with Radeon Graphics        , 32 cores, 15G,  Windows 11 , 64 bit Build 26100 (10.0.26100.7920)
Time: Thu Apr 16 19:12:10 2026 elapsed time: 785.738049 seconds (0d 0h 13m 5s)

---------------  T H R E A D  ---------------

Current thread (0x000002b4db720210):  JavaThread "C2 CompilerThread0" daemon [_thread_in_native, id=293312, stack(0x000000c48f000000,0x000000c48f100000) (1024K)]


Current CompileTask:
C2:785738 22030       4       org.jetbrains.kotlin.cli.jvm.index.JvmDependenciesIndexImpl::search (374 bytes)

Stack: [0x000000c48f000000,0x000000c48f100000]
Native frames: (J=compiled Java code, j=interpreted, Vv=VM code, C=native code)
V  [jvm.dll+0x6d7a39]
V  [jvm.dll+0x8b4b26]
V  [jvm.dll+0x8b70de]
V  [jvm.dll+0x8b77c3]
V  [jvm.dll+0x284346]
V  [jvm.dll+0xc66ed]
V  [jvm.dll+0xc6c31]
V  [jvm.dll+0x2fb29e]
V  [jvm.dll+0x5fe884]
V  [jvm.dll+0x255b17]
V  [jvm.dll+0x24e21f]
V  [jvm.dll+0x24ba42]
V  [jvm.dll+0x1cb34e]
V  [jvm.dll+0x25b85d]
V  [jvm.dll+0x259dea]
V  [jvm.dll+0x3f857e]
V  [jvm.dll+0x85f59d]
V  [jvm.dll+0x6d626d]
C  [ucrtbase.dll+0x37b0]
C  [KERNEL32.DLL+0x2e8d7]
C  [ntdll.dll+0x8c48c]


---------------  P R O C E S S  ---------------

Threads class SMR info:
_java_thread_list=0x000002b52ecb1880, length=38, elements={
0x000002b4c32c4000, 0x000002b4daef23a0, 0x000002b4db6f4060, 0x000002b4db6f9af0,
0x000002b4db6fa680, 0x000002b4db71be60, 0x000002b4db71d340, 0x000002b4db720210,
0x000002b4db739610, 0x000002b4dba37fd0, 0x000002b4dba49460, 0x000002b522a8c090,
0x000002b522b7d4a0, 0x000002b522b88c50, 0x000002b522b0d020, 0x000002b522b0bc70,
0x000002b522b0c300, 0x000002b525c76fd0, 0x000002b525c77660, 0x000002b525c75c20,
0x000002b52320d2c0, 0x000002b528628210, 0x000002b528628f30, 0x000002b5233974c0,
0x000002b52422fb70, 0x000002b524231c40, 0x000002b5242322d0, 0x000002b524230f20,
0x000002b524232960, 0x000002b524230200, 0x000002b5242315b0, 0x000002b52422f4e0,
0x000002b524232ff0, 0x000002b524233d10, 0x000002b52398ad90, 0x000002b523392c90,
0x000002b5233939b0, 0x000002b5221a2590
}

Java Threads: ( => current thread )
  0x000002b4c32c4000 JavaThread "main"                              [_thread_blocked, id=293600, stack(0x000000c48e200000,0x000000c48e300000) (1024K)]
  0x000002b4daef23a0 JavaThread "Reference Handler"          daemon [_thread_blocked, id=291916, stack(0x000000c48ea00000,0x000000c48eb00000) (1024K)]
  0x000002b4db6f4060 JavaThread "Finalizer"                  daemon [_thread_blocked, id=284292, stack(0x000000c48eb00000,0x000000c48ec00000) (1024K)]
  0x000002b4db6f9af0 JavaThread "Signal Dispatcher"          daemon [_thread_blocked, id=276524, stack(0x000000c48ec00000,0x000000c48ed00000) (1024K)]
  0x000002b4db6fa680 JavaThread "Attach Listener"            daemon [_thread_blocked, id=265608, stack(0x000000c48ed00000,0x000000c48ee00000) (1024K)]
  0x000002b4db71be60 JavaThread "Service Thread"             daemon [_thread_blocked, id=277760, stack(0x000000c48ee00000,0x000000c48ef00000) (1024K)]
  0x000002b4db71d340 JavaThread "Monitor Deflation Thread"   daemon [_thread_blocked, id=292196, stack(0x000000c48ef00000,0x000000c48f000000) (1024K)]
=>0x000002b4db720210 JavaThread "C2 CompilerThread0"         daemon [_thread_in_native, id=293312, stack(0x000000c48f000000,0x000000c48f100000) (1024K)]
  0x000002b4db739610 JavaThread "C1 CompilerThread0"         daemon [_thread_in_native, id=269004, stack(0x000000c48f100000,0x000000c48f200000) (1024K)]
  0x000002b4dba37fd0 JavaThread "Common-Cleaner"             daemon [_thread_blocked, id=293512, stack(0x000000c48f700000,0x000000c48f800000) (1024K)]
  0x000002b4dba49460 JavaThread "Notification Thread"        daemon [_thread_blocked, id=290572, stack(0x000000c48f800000,0x000000c48f900000) (1024K)]
  0x000002b522a8c090 JavaThread "Daemon health stats"               [_thread_blocked, id=290936, stack(0x000000c48fa00000,0x000000c48fb00000) (1024K)]
  0x000002b522b7d4a0 JavaThread "Incoming local TCP Connector on port 52072"        [_thread_in_native, id=292524, stack(0x000000c490400000,0x000000c490500000) (1024K)]
  0x000002b522b88c50 JavaThread "Daemon periodic checks"            [_thread_blocked, id=293284, stack(0x000000c490500000,0x000000c490600000) (1024K)]
  0x000002b522b0d020 JavaThread "Cache worker for journal cache (C:\Users\30720\.gradle\caches\journal-1)"        [_thread_blocked, id=293520, stack(0x000000c490d00000,0x000000c490e00000) (1024K)]
  0x000002b522b0bc70 JavaThread "File lock request listener"        [_thread_in_native, id=293072, stack(0x000000c490e00000,0x000000c490f00000) (1024K)]
  0x000002b522b0c300 JavaThread "Cache worker for file hash cache (C:\Users\30720\.gradle\caches\8.13\fileHashes)"        [_thread_blocked, id=288456, stack(0x000000c490f00000,0x000000c491000000) (1024K)]
  0x000002b525c76fd0 JavaThread "File watcher server"        daemon [_thread_in_native, id=290284, stack(0x000000c492500000,0x000000c492600000) (1024K)]
  0x000002b525c77660 JavaThread "File watcher consumer"      daemon [_thread_blocked, id=292512, stack(0x000000c492600000,0x000000c492700000) (1024K)]
  0x000002b525c75c20 JavaThread "Cache worker for file content cache (C:\Users\30720\.gradle\caches\8.13\fileContent)"        [_thread_blocked, id=290232, stack(0x000000c492800000,0x000000c492900000) (1024K)]
  0x000002b52320d2c0 JavaThread "Memory manager"                    [_thread_blocked, id=286696, stack(0x000000c48f900000,0x000000c48fa00000) (1024K)]
  0x000002b528628210 JavaThread "Daemon Thread 3"                   [_thread_blocked, id=293300, stack(0x000000c48df00000,0x000000c48e000000) (1024K)]
  0x000002b528628f30 JavaThread "Daemon worker Thread 3"            [_thread_in_Java, id=289832, stack(0x000000c48f200000,0x000000c48f300000) (1024K)]
  0x000002b5233974c0 JavaThread "VFS cleanup Thread 3"              [_thread_blocked, id=286644, stack(0x000000c48f300000,0x000000c48f400000) (1024K)]
  0x000002b52422fb70 JavaThread "Handler for socket connection from /127.0.0.1:52072 to /127.0.0.1:56932"        [_thread_in_native, id=263296, stack(0x000000c48e000000,0x000000c48e100000) (1024K)]
  0x000002b524231c40 JavaThread "Cancel handler"                    [_thread_blocked, id=291012, stack(0x000000c48e100000,0x000000c48e200000) (1024K)]
  0x000002b5242322d0 JavaThread "Asynchronous log dispatcher for DefaultDaemonConnection: socket connection from /127.0.0.1:52072 to /127.0.0.1:56932"        [_thread_blocked, id=291372, stack(0x000000c48f400000,0x000000c48f500000) (1024K)]
  0x000002b524230f20 JavaThread "Stdin handler"                     [_thread_blocked, id=279832, stack(0x000000c48f500000,0x000000c48f600000) (1024K)]
  0x000002b524232960 JavaThread "Daemon client event forwarder"        [_thread_blocked, id=279656, stack(0x000000c48f600000,0x000000c48f700000) (1024K)]
  0x000002b524230200 JavaThread "Cache worker for file hash cache (D:\AndroidStudioProjects\XiaoYi\.gradle\8.13\fileHashes)"        [_thread_blocked, id=275524, stack(0x000000c48ff00000,0x000000c490000000) (1024K)]
  0x000002b5242315b0 JavaThread "Cache worker for Build Output Cleanup Cache (D:\AndroidStudioProjects\XiaoYi\.gradle\buildOutputCleanup)"        [_thread_blocked, id=283356, stack(0x000000c490600000,0x000000c490700000) (1024K)]
  0x000002b52422f4e0 JavaThread "Cache worker for checksums cache (D:\AndroidStudioProjects\XiaoYi\.gradle\8.13\checksums)"        [_thread_blocked, id=293248, stack(0x000000c490700000,0x000000c490800000) (1024K)]
  0x000002b524232ff0 JavaThread "Cache worker for cache directory md-supplier (C:\Users\30720\.gradle\caches\8.13\md-supplier)"        [_thread_blocked, id=284936, stack(0x000000c490800000,0x000000c490900000) (1024K)]
  0x000002b524233d10 JavaThread "Cache worker for cache directory md-rule (C:\Users\30720\.gradle\caches\8.13\md-rule)"        [_thread_blocked, id=288096, stack(0x000000c490900000,0x000000c490a00000) (1024K)]
  0x000002b52398ad90 JavaThread "C1 CompilerThread1"         daemon [_thread_in_native, id=293628, stack(0x000000c490a00000,0x000000c490b00000) (1024K)]
  0x000002b523392c90 JavaThread "Kotlin DSL Writer"                 [_thread_blocked, id=291280, stack(0x000000c492300000,0x000000c492400000) (1024K)]
  0x000002b5233939b0 JavaThread "File lock release action executor"        [_thread_blocked, id=286204, stack(0x000000c492400000,0x000000c492500000) (1024K)]
  0x000002b5221a2590 JavaThread "C2 CompilerThread1"         daemon [_thread_in_native, id=279032, stack(0x000000c490b00000,0x000000c490c00000) (1024K)]
Total: 38

Other Threads:
  0x000002b4daed7560 VMThread "VM Thread"                           [id=271244, stack(0x000000c48e900000,0x000000c48ea00000) (1024K)]
  0x000002b4db6f1920 WatcherThread "VM Periodic Task Thread"        [id=291972, stack(0x000000c48e800000,0x000000c48e900000) (1024K)]
  0x000002b4c3300690 WorkerThread "GC Thread#0"                     [id=264952, stack(0x000000c48e300000,0x000000c48e400000) (1024K)]
  0x000002b5215f9890 WorkerThread "GC Thread#1"                     [id=293444, stack(0x000000c48fb00000,0x000000c48fc00000) (1024K)]
  0x000002b5215f9c40 WorkerThread "GC Thread#2"                     [id=284500, stack(0x000000c48fc00000,0x000000c48fd00000) (1024K)]
  0x000002b521178a80 WorkerThread "GC Thread#3"                     [id=276800, stack(0x000000c48fd00000,0x000000c48fe00000) (1024K)]
  0x000002b521179230 WorkerThread "GC Thread#4"                     [id=292204, stack(0x000000c48fe00000,0x000000c48ff00000) (1024K)]
  0x000002b522aae2e0 WorkerThread "GC Thread#5"                     [id=291344, stack(0x000000c490000000,0x000000c490100000) (1024K)]
  0x000002b522aae690 WorkerThread "GC Thread#6"                     [id=293020, stack(0x000000c490100000,0x000000c490200000) (1024K)]
  0x000002b522aaea40 WorkerThread "GC Thread#7"                     [id=292652, stack(0x000000c490200000,0x000000c490300000) (1024K)]
  0x000002b522aaf610 WorkerThread "GC Thread#8"                     [id=279244, stack(0x000000c490300000,0x000000c490400000) (1024K)]
  0x000002b524f3ee80 WorkerThread "GC Thread#9"                     [id=287224, stack(0x000000c491000000,0x000000c491100000) (1024K)]
  0x000002b524f41e70 WorkerThread "GC Thread#10"                    [id=288692, stack(0x000000c491100000,0x000000c491200000) (1024K)]
  0x000002b524f3f5e0 WorkerThread "GC Thread#11"                    [id=272928, stack(0x000000c491200000,0x000000c491300000) (1024K)]
  0x000002b524f3e370 WorkerThread "GC Thread#12"                    [id=293084, stack(0x000000c491300000,0x000000c491400000) (1024K)]
  0x000002b524f3ead0 WorkerThread "GC Thread#13"                    [id=291320, stack(0x000000c491400000,0x000000c491500000) (1024K)]
  0x000002b524f41ac0 WorkerThread "GC Thread#14"                    [id=269940, stack(0x000000c491500000,0x000000c491600000) (1024K)]
  0x000002b524f3f230 WorkerThread "GC Thread#15"                    [id=290388, stack(0x000000c491600000,0x000000c491700000) (1024K)]
  0x000002b524f3f990 WorkerThread "GC Thread#16"                    [id=293176, stack(0x000000c491700000,0x000000c491800000) (1024K)]
  0x000002b524f40850 WorkerThread "GC Thread#17"                    [id=277864, stack(0x000000c491800000,0x000000c491900000) (1024K)]
  0x000002b524f41710 WorkerThread "GC Thread#18"                    [id=291448, stack(0x000000c491900000,0x000000c491a00000) (1024K)]
  0x000002b524f3fd40 WorkerThread "GC Thread#19"                    [id=292112, stack(0x000000c491a00000,0x000000c491b00000) (1024K)]
  0x000002b524f41360 WorkerThread "GC Thread#20"                    [id=293108, stack(0x000000c491b00000,0x000000c491c00000) (1024K)]
  0x000002b524f400f0 WorkerThread "GC Thread#21"                    [id=278184, stack(0x000000c491c00000,0x000000c491d00000) (1024K)]
  0x000002b524f40c00 WorkerThread "GC Thread#22"                    [id=292660, stack(0x000000c491d00000,0x000000c491e00000) (1024K)]
  0x000002b4c3309e60 ConcurrentGCThread "G1 Main Marker"            [id=287692, stack(0x000000c48e400000,0x000000c48e500000) (1024K)]
  0x000002b4c330b700 WorkerThread "G1 Conc#0"                       [id=293800, stack(0x000000c48e500000,0x000000c48e600000) (1024K)]
  0x000002b524f40fb0 WorkerThread "G1 Conc#1"                       [id=292860, stack(0x000000c491e00000,0x000000c491f00000) (1024K)]
  0x000002b526228190 WorkerThread "G1 Conc#2"                       [id=270140, stack(0x000000c491f00000,0x000000c492000000) (1024K)]
  0x000002b526226410 WorkerThread "G1 Conc#3"                       [id=290164, stack(0x000000c492000000,0x000000c492100000) (1024K)]
  0x000002b526227680 WorkerThread "G1 Conc#4"                       [id=266244, stack(0x000000c492100000,0x000000c492200000) (1024K)]
  0x000002b526225550 WorkerThread "G1 Conc#5"                       [id=277396, stack(0x000000c492200000,0x000000c492300000) (1024K)]
  0x000002b4dae1bef0 ConcurrentGCThread "G1 Refine#0"               [id=272432, stack(0x000000c48e600000,0x000000c48e700000) (1024K)]
  0x000002b4dae1d830 ConcurrentGCThread "G1 Service"                [id=292240, stack(0x000000c48e700000,0x000000c48e800000) (1024K)]
Total: 34

Threads with active compile tasks:
C2 CompilerThread0  785757 22030       4       org.jetbrains.kotlin.cli.jvm.index.JvmDependenciesIndexImpl::search (374 bytes)
C1 CompilerThread0  785757 22201       3       org.jetbrains.kotlin.serialization.deserialization.descriptors.DeserializedAnnotations::isEmpty (10 bytes)
C1 CompilerThread1  785757 22204       3       org.jetbrains.kotlin.serialization.deserialization.TypeDeserializer::simpleType (628 bytes)
C2 CompilerThread1  785757 22125   !   4       org.jetbrains.kotlin.metadata.ProtoBuf$ValueParameter::<init> (513 bytes)
C1 CompilerThread2  785757 22202       3       org.jetbrains.kotlin.serialization.deserialization.TypeDeserializer::type (95 bytes)
Total: 5

VM state: not at safepoint (normal execution)

VM Mutex/Monitor currently owned by a thread:  ([mutex/lock_event])
[0x00007ff87d3fd060] MethodCompileQueue_lock - owner thread: 0x0000000000000000

Heap address: 0x00000000c0000000, size: 1024 MB, Compressed Oops mode: 32-bit

CDS archive(s) mapped at: [0x000002b4dc000000-0x000002b4dcba0000-0x000002b4dcba0000), size 12189696, SharedBaseAddress: 0x000002b4dc000000, ArchiveRelocationMode: 1.
Compressed class space mapped at: 0x000002b4dd000000-0x000002b51d000000, reserved size: 1073741824
Narrow klass base: 0x000002b4dc000000, Narrow klass shift: 0, Narrow klass range: 0x100000000

GC Precious Log:
 CardTable entry size: 512
 Card Set container configuration: InlinePtr #cards 5 size 8 Array Of Cards #cards 12 size 40 Howl #buckets 4 coarsen threshold 1843 Howl Bitmap #cards 512 size 80 coarsen threshold 460 Card regions per heap region 1 cards per card region 2048
 CPUs: 32 total, 32 available
 Memory: 15540M
 Large Page Support: Disabled
 NUMA Support: Disabled
 Compressed Oops: Enabled (32-bit)
 Heap Region Size: 1M
 Heap Min Capacity: 8M
 Heap Initial Capacity: 244M
 Heap Max Capacity: 1G
 Pre-touch: Disabled
 Parallel Workers: 23
 Concurrent Workers: 6
 Concurrent Refinement Workers: 23
 Periodic GC: Disabled

Heap:
 garbage-first heap   total 234496K, used 152021K [0x00000000c0000000, 0x0000000100000000)
  region size 1024K, 17 young (17408K), 9 survivors (9216K)
 Metaspace       used 154698K, committed 157504K, reserved 1245184K
  class space    used 20977K, committed 22400K, reserved 1048576K

Heap Regions: E=young(eden), S=young(survivor), O=old, HS=humongous(starts), HC=humongous(continues), CS=collection set, F=free, TAMS=top-at-mark-start, PB=parsable bottom
|   0|0x00000000c0000000, 0x00000000c0100000, 0x00000000c0100000|100%|HS|  |TAMS 0x00000000c0000000| PB 0x00000000c0000000| Complete 
|   1|0x00000000c0100000, 0x00000000c0200000, 0x00000000c0200000|100%|HC|  |TAMS 0x00000000c0100000| PB 0x00000000c0100000| Complete 
|   2|0x00000000c0200000, 0x00000000c0300000, 0x00000000c0300000|100%|HC|  |TAMS 0x00000000c0200000| PB 0x00000000c0200000| Complete 
|   3|0x00000000c0300000, 0x00000000c0400000, 0x00000000c0400000|100%| O|  |TAMS 0x00000000c0300000| PB 0x00000000c0300000| Untracked 
|   4|0x00000000c0400000, 0x00000000c0500000, 0x00000000c0500000|100%| O|  |TAMS 0x00000000c0400000| PB 0x00000000c0400000| Untracked 
|   5|0x00000000c0500000, 0x00000000c0600000, 0x00000000c0600000|100%| O|  |TAMS 0x00000000c0500000| PB 0x00000000c0500000| Untracked 
|   6|0x00000000c0600000, 0x00000000c0700000, 0x00000000c0700000|100%|HS|  |TAMS 0x00000000c0600000| PB 0x00000000c0600000| Complete 
|   7|0x00000000c0700000, 0x00000000c0800000, 0x00000000c0800000|100%| O|  |TAMS 0x00000000c0700000| PB 0x00000000c0700000| Untracked 
|   8|0x00000000c0800000, 0x00000000c0900000, 0x00000000c0900000|100%| O|  |TAMS 0x00000000c0800000| PB 0x00000000c0800000| Untracked 
|   9|0x00000000c0900000, 0x00000000c0a00000, 0x00000000c0a00000|100%| O|  |TAMS 0x00000000c0900000| PB 0x00000000c0900000| Untracked 
|  10|0x00000000c0a00000, 0x00000000c0b00000, 0x00000000c0b00000|100%| O|  |TAMS 0x00000000c0a00000| PB 0x00000000c0a00000| Untracked 
|  11|0x00000000c0b00000, 0x00000000c0c00000, 0x00000000c0c00000|100%| O|  |TAMS 0x00000000c0b00000| PB 0x00000000c0b00000| Untracked 
|  12|0x00000000c0c00000, 0x00000000c0d00000, 0x00000000c0d00000|100%| O|  |TAMS 0x00000000c0c00000| PB 0x00000000c0c00000| Untracked 
|  13|0x00000000c0d00000, 0x00000000c0e00000, 0x00000000c0e00000|100%| O|  |TAMS 0x00000000c0d00000| PB 0x00000000c0d00000| Untracked 
|  14|0x00000000c0e00000, 0x00000000c0f00000, 0x00000000c0f00000|100%| O|  |TAMS 0x00000000c0e00000| PB 0x00000000c0e00000| Untracked 
|  15|0x00000000c0f00000, 0x00000000c1000000, 0x00000000c1000000|100%| O|  |TAMS 0x00000000c0f00000| PB 0x00000000c0f00000| Untracked 
|  16|0x00000000c1000000, 0x00000000c1100000, 0x00000000c1100000|100%| O|  |TAMS 0x00000000c1000000| PB 0x00000000c1000000| Untracked 
|  17|0x00000000c1100000, 0x00000000c1200000, 0x00000000c1200000|100%| O|  |TAMS 0x00000000c1100000| PB 0x00000000c1100000| Untracked 
|  18|0x00000000c1200000, 0x00000000c1300000, 0x00000000c1300000|100%| O|  |TAMS 0x00000000c1200000| PB 0x00000000c1200000| Untracked 
|  19|0x00000000c1300000, 0x00000000c1400000, 0x00000000c1400000|100%| O|  |TAMS 0x00000000c1300000| PB 0x00000000c1300000| Untracked 
|  20|0x00000000c1400000, 0x00000000c1500000, 0x00000000c1500000|100%| O|  |TAMS 0x00000000c1400000| PB 0x00000000c1400000| Untracked 
|  21|0x00000000c1500000, 0x00000000c1600000, 0x00000000c1600000|100%| O|  |TAMS 0x00000000c1500000| PB 0x00000000c1500000| Untracked 
|  22|0x00000000c1600000, 0x00000000c1700000, 0x00000000c1700000|100%| O|  |TAMS 0x00000000c1600000| PB 0x00000000c1600000| Untracked 
|  23|0x00000000c1700000, 0x00000000c1800000, 0x00000000c1800000|100%| O|  |TAMS 0x00000000c1700000| PB 0x00000000c1700000| Untracked 
|  24|0x00000000c1800000, 0x00000000c1900000, 0x00000000c1900000|100%| O|  |TAMS 0x00000000c1800000| PB 0x00000000c1800000| Untracked 
|  25|0x00000000c1900000, 0x00000000c1a00000, 0x00000000c1a00000|100%| O|  |TAMS 0x00000000c1900000| PB 0x00000000c1900000| Untracked 
|  26|0x00000000c1a00000, 0x00000000c1b00000, 0x00000000c1b00000|100%| O|  |TAMS 0x00000000c1a00000| PB 0x00000000c1a00000| Untracked 
|  27|0x00000000c1b00000, 0x00000000c1c00000, 0x00000000c1c00000|100%| O|  |TAMS 0x00000000c1b00000| PB 0x00000000c1b00000| Untracked 
|  28|0x00000000c1c00000, 0x00000000c1d00000, 0x00000000c1d00000|100%| O|  |TAMS 0x00000000c1c00000| PB 0x00000000c1c00000| Untracked 
|  29|0x00000000c1d00000, 0x00000000c1e00000, 0x00000000c1e00000|100%| O|  |TAMS 0x00000000c1d00000| PB 0x00000000c1d00000| Untracked 
|  30|0x00000000c1e00000, 0x00000000c1f00000, 0x00000000c1f00000|100%| O|  |TAMS 0x00000000c1e00000| PB 0x00000000c1e00000| Untracked 
|  31|0x00000000c1f00000, 0x00000000c2000000, 0x00000000c2000000|100%| O|  |TAMS 0x00000000c1f00000| PB 0x00000000c1f00000| Untracked 
|  32|0x00000000c2000000, 0x00000000c2100000, 0x00000000c2100000|100%| O|  |TAMS 0x00000000c2000000| PB 0x00000000c2000000| Untracked 
|  33|0x00000000c2100000, 0x00000000c2200000, 0x00000000c2200000|100%| O|  |TAMS 0x00000000c2100000| PB 0x00000000c2100000| Untracked 
|  34|0x00000000c2200000, 0x00000000c2300000, 0x00000000c2300000|100%|HS|  |TAMS 0x00000000c2200000| PB 0x00000000c2200000| Complete 
|  35|0x00000000c2300000, 0x00000000c2400000, 0x00000000c2400000|100%| O|  |TAMS 0x00000000c2300000| PB 0x00000000c2300000| Untracked 
|  36|0x00000000c2400000, 0x00000000c2500000, 0x00000000c2500000|100%| O|  |TAMS 0x00000000c2400000| PB 0x00000000c2400000| Untracked 
|  37|0x00000000c2500000, 0x00000000c2600000, 0x00000000c2600000|100%| O|  |TAMS 0x00000000c2500000| PB 0x00000000c2500000| Untracked 
|  38|0x00000000c2600000, 0x00000000c2700000, 0x00000000c2700000|100%| O|  |TAMS 0x00000000c2600000| PB 0x00000000c2600000| Untracked 
|  39|0x00000000c2700000, 0x00000000c2800000, 0x00000000c2800000|100%|HS|  |TAMS 0x00000000c2700000| PB 0x00000000c2700000| Complete 
|  40|0x00000000c2800000, 0x00000000c2900000, 0x00000000c2900000|100%|HS|  |TAMS 0x00000000c2800000| PB 0x00000000c2800000| Complete 
|  41|0x00000000c2900000, 0x00000000c2a00000, 0x00000000c2a00000|100%|HS|  |TAMS 0x00000000c2900000| PB 0x00000000c2900000| Complete 
|  42|0x00000000c2a00000, 0x00000000c2b00000, 0x00000000c2b00000|100%|HC|  |TAMS 0x00000000c2a00000| PB 0x00000000c2a00000| Complete 
|  43|0x00000000c2b00000, 0x00000000c2c00000, 0x00000000c2c00000|100%|HS|  |TAMS 0x00000000c2b00000| PB 0x00000000c2b00000| Complete 
|  44|0x00000000c2c00000, 0x00000000c2d00000, 0x00000000c2d00000|100%|HC|  |TAMS 0x00000000c2c00000| PB 0x00000000c2c00000| Complete 
|  45|0x00000000c2d00000, 0x00000000c2e00000, 0x00000000c2e00000|100%|HS|  |TAMS 0x00000000c2d00000| PB 0x00000000c2d00000| Complete 
|  46|0x00000000c2e00000, 0x00000000c2f00000, 0x00000000c2f00000|100%|HC|  |TAMS 0x00000000c2e00000| PB 0x00000000c2e00000| Complete 
|  47|0x00000000c2f00000, 0x00000000c3000000, 0x00000000c3000000|100%|HC|  |TAMS 0x00000000c2f00000| PB 0x00000000c2f00000| Complete 
|  48|0x00000000c3000000, 0x00000000c3100000, 0x00000000c3100000|100%|HS|  |TAMS 0x00000000c3000000| PB 0x00000000c3000000| Complete 
|  49|0x00000000c3100000, 0x00000000c3200000, 0x00000000c3200000|100%| O|  |TAMS 0x00000000c3100000| PB 0x00000000c3100000| Untracked 
|  50|0x00000000c3200000, 0x00000000c3300000, 0x00000000c3300000|100%| O|  |TAMS 0x00000000c3200000| PB 0x00000000c3200000| Untracked 
|  51|0x00000000c3300000, 0x00000000c3400000, 0x00000000c3400000|100%| O|  |TAMS 0x00000000c3300000| PB 0x00000000c3300000| Untracked 
|  52|0x00000000c3400000, 0x00000000c3500000, 0x00000000c3500000|100%|HS|  |TAMS 0x00000000c3400000| PB 0x00000000c3400000| Complete 
|  53|0x00000000c3500000, 0x00000000c3600000, 0x00000000c3600000|100%| O|  |TAMS 0x00000000c3500000| PB 0x00000000c3500000| Untracked 
|  54|0x00000000c3600000, 0x00000000c3700000, 0x00000000c3700000|100%| O|  |TAMS 0x00000000c3600000| PB 0x00000000c3600000| Untracked 
|  55|0x00000000c3700000, 0x00000000c3800000, 0x00000000c3800000|100%|HS|  |TAMS 0x00000000c3700000| PB 0x00000000c3700000| Complete 
|  56|0x00000000c3800000, 0x00000000c3800000, 0x00000000c3900000|  0%| F|  |TAMS 0x00000000c3800000| PB 0x00000000c3800000| Untracked 
|  57|0x00000000c3900000, 0x00000000c3a00000, 0x00000000c3a00000|100%|HS|  |TAMS 0x00000000c3900000| PB 0x00000000c3900000| Complete 
|  58|0x00000000c3a00000, 0x00000000c3b00000, 0x00000000c3b00000|100%| O|  |TAMS 0x00000000c3a00000| PB 0x00000000c3a00000| Untracked 
|  59|0x00000000c3b00000, 0x00000000c3c00000, 0x00000000c3c00000|100%| O|  |TAMS 0x00000000c3b00000| PB 0x00000000c3b00000| Untracked 
|  60|0x00000000c3c00000, 0x00000000c3d00000, 0x00000000c3d00000|100%| O|  |TAMS 0x00000000c3c00000| PB 0x00000000c3c00000| Untracked 
|  61|0x00000000c3d00000, 0x00000000c3e00000, 0x00000000c3e00000|100%| O|  |TAMS 0x00000000c3d00000| PB 0x00000000c3d00000| Untracked 
|  62|0x00000000c3e00000, 0x00000000c3f00000, 0x00000000c3f00000|100%|HS|  |TAMS 0x00000000c3e00000| PB 0x00000000c3e00000| Complete 
|  63|0x00000000c3f00000, 0x00000000c4000000, 0x00000000c4000000|100%| O|  |TAMS 0x00000000c3f00000| PB 0x00000000c3f00000| Untracked 
|  64|0x00000000c4000000, 0x00000000c4100000, 0x00000000c4100000|100%| O|  |TAMS 0x00000000c4000000| PB 0x00000000c4000000| Untracked 
|  65|0x00000000c4100000, 0x00000000c4200000, 0x00000000c4200000|100%|HS|  |TAMS 0x00000000c4100000| PB 0x00000000c4100000| Complete 
|  66|0x00000000c4200000, 0x00000000c4300000, 0x00000000c4300000|100%|HC|  |TAMS 0x00000000c4200000| PB 0x00000000c4200000| Complete 
|  67|0x00000000c4300000, 0x00000000c4400000, 0x00000000c4400000|100%|HC|  |TAMS 0x00000000c4300000| PB 0x00000000c4300000| Complete 
|  68|0x00000000c4400000, 0x00000000c4500000, 0x00000000c4500000|100%| O|  |TAMS 0x00000000c4400000| PB 0x00000000c4400000| Untracked 
|  69|0x00000000c4500000, 0x00000000c4600000, 0x00000000c4600000|100%| O|  |TAMS 0x00000000c4500000| PB 0x00000000c4500000| Untracked 
|  70|0x00000000c4600000, 0x00000000c4700000, 0x00000000c4700000|100%| O|  |TAMS 0x00000000c4600000| PB 0x00000000c4600000| Untracked 
|  71|0x00000000c4700000, 0x00000000c4800000, 0x00000000c4800000|100%| O|  |TAMS 0x00000000c4700000| PB 0x00000000c4700000| Untracked 
|  72|0x00000000c4800000, 0x00000000c4900000, 0x00000000c4900000|100%| O|  |TAMS 0x00000000c4800000| PB 0x00000000c4800000| Untracked 
|  73|0x00000000c4900000, 0x00000000c4a00000, 0x00000000c4a00000|100%| O|  |TAMS 0x00000000c4900000| PB 0x00000000c4900000| Untracked 
|  74|0x00000000c4a00000, 0x00000000c4b00000, 0x00000000c4b00000|100%| O|  |TAMS 0x00000000c4a00000| PB 0x00000000c4a00000| Untracked 
|  75|0x00000000c4b00000, 0x00000000c4c00000, 0x00000000c4c00000|100%| O|  |TAMS 0x00000000c4b00000| PB 0x00000000c4b00000| Untracked 
|  76|0x00000000c4c00000, 0x00000000c4d00000, 0x00000000c4d00000|100%| O|  |TAMS 0x00000000c4c00000| PB 0x00000000c4c00000| Untracked 
|  77|0x00000000c4d00000, 0x00000000c4e00000, 0x00000000c4e00000|100%| O|  |TAMS 0x00000000c4d00000| PB 0x00000000c4d00000| Untracked 
|  78|0x00000000c4e00000, 0x00000000c4f00000, 0x00000000c4f00000|100%| O|  |TAMS 0x00000000c4e00000| PB 0x00000000c4e00000| Untracked 
|  79|0x00000000c4f00000, 0x00000000c4f00000, 0x00000000c5000000|  0%| F|  |TAMS 0x00000000c4f00000| PB 0x00000000c4f00000| Untracked 
|  80|0x00000000c5000000, 0x00000000c5100000, 0x00000000c5100000|100%|HS|  |TAMS 0x00000000c5000000| PB 0x00000000c5000000| Complete 
|  81|0x00000000c5100000, 0x00000000c5200000, 0x00000000c5200000|100%| O|  |TAMS 0x00000000c5100000| PB 0x00000000c5100000| Untracked 
|  82|0x00000000c5200000, 0x00000000c5300000, 0x00000000c5300000|100%| O|  |TAMS 0x00000000c5200000| PB 0x00000000c5200000| Untracked 
|  83|0x00000000c5300000, 0x00000000c5400000, 0x00000000c5400000|100%| O|  |TAMS 0x00000000c5300000| PB 0x00000000c5300000| Untracked 
|  84|0x00000000c5400000, 0x00000000c5500000, 0x00000000c5500000|100%| O|  |TAMS 0x00000000c5400000| PB 0x00000000c5400000| Untracked 
|  85|0x00000000c5500000, 0x00000000c5600000, 0x00000000c5600000|100%| O|  |TAMS 0x00000000c5500000| PB 0x00000000c5500000| Untracked 
|  86|0x00000000c5600000, 0x00000000c5700000, 0x00000000c5700000|100%| O|  |TAMS 0x00000000c5600000| PB 0x00000000c5600000| Untracked 
|  87|0x00000000c5700000, 0x00000000c5700000, 0x00000000c5800000|  0%| F|  |TAMS 0x00000000c5700000| PB 0x00000000c5700000| Untracked 
|  88|0x00000000c5800000, 0x00000000c5900000, 0x00000000c5900000|100%| O|  |TAMS 0x00000000c5800000| PB 0x00000000c5800000| Untracked 
|  89|0x00000000c5900000, 0x00000000c5a00000, 0x00000000c5a00000|100%| O|  |TAMS 0x00000000c5900000| PB 0x00000000c5900000| Untracked 
|  90|0x00000000c5a00000, 0x00000000c5b00000, 0x00000000c5b00000|100%| O|  |TAMS 0x00000000c5a00000| PB 0x00000000c5a00000| Untracked 
|  91|0x00000000c5b00000, 0x00000000c5c00000, 0x00000000c5c00000|100%| O|  |TAMS 0x00000000c5b00000| PB 0x00000000c5b00000| Untracked 
|  92|0x00000000c5c00000, 0x00000000c5c00000, 0x00000000c5d00000|  0%| F|  |TAMS 0x00000000c5c00000| PB 0x00000000c5c00000| Untracked 
|  93|0x00000000c5d00000, 0x00000000c5e00000, 0x00000000c5e00000|100%| O|  |TAMS 0x00000000c5d00000| PB 0x00000000c5d00000| Untracked 
|  94|0x00000000c5e00000, 0x00000000c5f00000, 0x00000000c5f00000|100%| O|  |TAMS 0x00000000c5e00000| PB 0x00000000c5e00000| Untracked 
|  95|0x00000000c5f00000, 0x00000000c6000000, 0x00000000c6000000|100%| O|  |TAMS 0x00000000c5f00000| PB 0x00000000c5f00000| Untracked 
|  96|0x00000000c6000000, 0x00000000c6100000, 0x00000000c6100000|100%| O|  |TAMS 0x00000000c6000000| PB 0x00000000c6000000| Untracked 
|  97|0x00000000c6100000, 0x00000000c6200000, 0x00000000c6200000|100%| O|  |TAMS 0x00000000c6100000| PB 0x00000000c6100000| Untracked 
|  98|0x00000000c6200000, 0x00000000c6300000, 0x00000000c6300000|100%| O|  |TAMS 0x00000000c6200000| PB 0x00000000c6200000| Untracked 
|  99|0x00000000c6300000, 0x00000000c6400000, 0x00000000c6400000|100%| O|  |TAMS 0x00000000c6300000| PB 0x00000000c6300000| Untracked 
| 100|0x00000000c6400000, 0x00000000c64d5268, 0x00000000c6500000| 83%| O|  |TAMS 0x00000000c6400000| PB 0x00000000c6400000| Untracked 
| 101|0x00000000c6500000, 0x00000000c6600000, 0x00000000c6600000|100%| O|  |TAMS 0x00000000c6500000| PB 0x00000000c6500000| Untracked 
| 102|0x00000000c6600000, 0x00000000c6600000, 0x00000000c6700000|  0%| F|  |TAMS 0x00000000c6600000| PB 0x00000000c6600000| Untracked 
| 103|0x00000000c6700000, 0x00000000c6800000, 0x00000000c6800000|100%| O|  |TAMS 0x00000000c6700000| PB 0x00000000c6700000| Untracked 
| 104|0x00000000c6800000, 0x00000000c6900000, 0x00000000c6900000|100%|HS|  |TAMS 0x00000000c6800000| PB 0x00000000c6800000| Complete 
| 105|0x00000000c6900000, 0x00000000c6a00000, 0x00000000c6a00000|100%|HC|  |TAMS 0x00000000c6900000| PB 0x00000000c6900000| Complete 
| 106|0x00000000c6a00000, 0x00000000c6b00000, 0x00000000c6b00000|100%|HC|  |TAMS 0x00000000c6a00000| PB 0x00000000c6a00000| Complete 
| 107|0x00000000c6b00000, 0x00000000c6c00000, 0x00000000c6c00000|100%|HC|  |TAMS 0x00000000c6b00000| PB 0x00000000c6b00000| Complete 
| 108|0x00000000c6c00000, 0x00000000c6d00000, 0x00000000c6d00000|100%|HC|  |TAMS 0x00000000c6c00000| PB 0x00000000c6c00000| Complete 
| 109|0x00000000c6d00000, 0x00000000c6e00000, 0x00000000c6e00000|100%|HC|  |TAMS 0x00000000c6d00000| PB 0x00000000c6d00000| Complete 
| 110|0x00000000c6e00000, 0x00000000c6f00000, 0x00000000c6f00000|100%| O|  |TAMS 0x00000000c6e00000| PB 0x00000000c6e00000| Untracked 
| 111|0x00000000c6f00000, 0x00000000c7000000, 0x00000000c7000000|100%| O|  |TAMS 0x00000000c6f00000| PB 0x00000000c6f00000| Untracked 
| 112|0x00000000c7000000, 0x00000000c7100000, 0x00000000c7100000|100%| O|  |TAMS 0x00000000c7000000| PB 0x00000000c7000000| Untracked 
| 113|0x00000000c7100000, 0x00000000c7200000, 0x00000000c7200000|100%| O|  |TAMS 0x00000000c7100000| PB 0x00000000c7100000| Untracked 
| 114|0x00000000c7200000, 0x00000000c7300000, 0x00000000c7300000|100%| O|  |TAMS 0x00000000c7200000| PB 0x00000000c7200000| Untracked 
| 115|0x00000000c7300000, 0x00000000c7400000, 0x00000000c7400000|100%| O|  |TAMS 0x00000000c7300000| PB 0x00000000c7300000| Untracked 
| 116|0x00000000c7400000, 0x00000000c7500000, 0x00000000c7500000|100%| O|  |TAMS 0x00000000c7400000| PB 0x00000000c7400000| Untracked 
| 117|0x00000000c7500000, 0x00000000c7600000, 0x00000000c7600000|100%| O|  |TAMS 0x00000000c7500000| PB 0x00000000c7500000| Untracked 
| 118|0x00000000c7600000, 0x00000000c7700000, 0x00000000c7700000|100%| O|  |TAMS 0x00000000c7600000| PB 0x00000000c7600000| Untracked 
| 119|0x00000000c7700000, 0x00000000c7800000, 0x00000000c7800000|100%| O|  |TAMS 0x00000000c7700000| PB 0x00000000c7700000| Untracked 
| 120|0x00000000c7800000, 0x00000000c7800000, 0x00000000c7900000|  0%| F|  |TAMS 0x00000000c7800000| PB 0x00000000c7800000| Untracked 
| 121|0x00000000c7900000, 0x00000000c7900000, 0x00000000c7a00000|  0%| F|  |TAMS 0x00000000c7900000| PB 0x00000000c7900000| Untracked 
| 122|0x00000000c7a00000, 0x00000000c7aa0308, 0x00000000c7b00000| 62%| S|CS|TAMS 0x00000000c7a00000| PB 0x00000000c7a00000| Complete 
| 123|0x00000000c7b00000, 0x00000000c7c00000, 0x00000000c7c00000|100%| S|CS|TAMS 0x00000000c7b00000| PB 0x00000000c7b00000| Complete 
| 124|0x00000000c7c00000, 0x00000000c7d00000, 0x00000000c7d00000|100%| S|CS|TAMS 0x00000000c7c00000| PB 0x00000000c7c00000| Complete 
| 125|0x00000000c7d00000, 0x00000000c7e00000, 0x00000000c7e00000|100%| S|CS|TAMS 0x00000000c7d00000| PB 0x00000000c7d00000| Complete 
| 126|0x00000000c7e00000, 0x00000000c7f00000, 0x00000000c7f00000|100%| S|CS|TAMS 0x00000000c7e00000| PB 0x00000000c7e00000| Complete 
| 127|0x00000000c7f00000, 0x00000000c8000000, 0x00000000c8000000|100%| S|CS|TAMS 0x00000000c7f00000| PB 0x00000000c7f00000| Complete 
| 128|0x00000000c8000000, 0x00000000c8100000, 0x00000000c8100000|100%| S|CS|TAMS 0x00000000c8000000| PB 0x00000000c8000000| Complete 
| 129|0x00000000c8100000, 0x00000000c8200000, 0x00000000c8200000|100%| S|CS|TAMS 0x00000000c8100000| PB 0x00000000c8100000| Complete 
| 130|0x00000000c8200000, 0x00000000c8300000, 0x00000000c8300000|100%| S|CS|TAMS 0x00000000c8200000| PB 0x00000000c8200000| Complete 
| 131|0x00000000c8300000, 0x00000000c8300000, 0x00000000c8400000|  0%| F|  |TAMS 0x00000000c8300000| PB 0x00000000c8300000| Untracked 
| 132|0x00000000c8400000, 0x00000000c8400000, 0x00000000c8500000|  0%| F|  |TAMS 0x00000000c8400000| PB 0x00000000c8400000| Untracked 
| 133|0x00000000c8500000, 0x00000000c8500000, 0x00000000c8600000|  0%| F|  |TAMS 0x00000000c8500000| PB 0x00000000c8500000| Untracked 
| 134|0x00000000c8600000, 0x00000000c8600000, 0x00000000c8700000|  0%| F|  |TAMS 0x00000000c8600000| PB 0x00000000c8600000| Untracked 
| 135|0x00000000c8700000, 0x00000000c8700000, 0x00000000c8800000|  0%| F|  |TAMS 0x00000000c8700000| PB 0x00000000c8700000| Untracked 
| 136|0x00000000c8800000, 0x00000000c8800000, 0x00000000c8900000|  0%| F|  |TAMS 0x00000000c8800000| PB 0x00000000c8800000| Untracked 
| 137|0x00000000c8900000, 0x00000000c8900000, 0x00000000c8a00000|  0%| F|  |TAMS 0x00000000c8900000| PB 0x00000000c8900000| Untracked 
| 138|0x00000000c8a00000, 0x00000000c8a00000, 0x00000000c8b00000|  0%| F|  |TAMS 0x00000000c8a00000| PB 0x00000000c8a00000| Untracked 
| 139|0x00000000c8b00000, 0x00000000c8b00000, 0x00000000c8c00000|  0%| F|  |TAMS 0x00000000c8b00000| PB 0x00000000c8b00000| Untracked 
| 140|0x00000000c8c00000, 0x00000000c8c00000, 0x00000000c8d00000|  0%| F|  |TAMS 0x00000000c8c00000| PB 0x00000000c8c00000| Untracked 
| 141|0x00000000c8d00000, 0x00000000c8d00000, 0x00000000c8e00000|  0%| F|  |TAMS 0x00000000c8d00000| PB 0x00000000c8d00000| Untracked 
| 142|0x00000000c8e00000, 0x00000000c8e00000, 0x00000000c8f00000|  0%| F|  |TAMS 0x00000000c8e00000| PB 0x00000000c8e00000| Untracked 
| 143|0x00000000c8f00000, 0x00000000c8f00000, 0x00000000c9000000|  0%| F|  |TAMS 0x00000000c8f00000| PB 0x00000000c8f00000| Untracked 
| 144|0x00000000c9000000, 0x00000000c9000000, 0x00000000c9100000|  0%| F|  |TAMS 0x00000000c9000000| PB 0x00000000c9000000| Untracked 
| 145|0x00000000c9100000, 0x00000000c9100000, 0x00000000c9200000|  0%| F|  |TAMS 0x00000000c9100000| PB 0x00000000c9100000| Untracked 
| 146|0x00000000c9200000, 0x00000000c9200000, 0x00000000c9300000|  0%| F|  |TAMS 0x00000000c9200000| PB 0x00000000c9200000| Untracked 
| 147|0x00000000c9300000, 0x00000000c9300000, 0x00000000c9400000|  0%| F|  |TAMS 0x00000000c9300000| PB 0x00000000c9300000| Untracked 
| 148|0x00000000c9400000, 0x00000000c9400000, 0x00000000c9500000|  0%| F|  |TAMS 0x00000000c9400000| PB 0x00000000c9400000| Untracked 
| 149|0x00000000c9500000, 0x00000000c9500000, 0x00000000c9600000|  0%| F|  |TAMS 0x00000000c9500000| PB 0x00000000c9500000| Untracked 
| 150|0x00000000c9600000, 0x00000000c9600000, 0x00000000c9700000|  0%| F|  |TAMS 0x00000000c9600000| PB 0x00000000c9600000| Untracked 
| 151|0x00000000c9700000, 0x00000000c9700000, 0x00000000c9800000|  0%| F|  |TAMS 0x00000000c9700000| PB 0x00000000c9700000| Untracked 
| 152|0x00000000c9800000, 0x00000000c9800000, 0x00000000c9900000|  0%| F|  |TAMS 0x00000000c9800000| PB 0x00000000c9800000| Untracked 
| 153|0x00000000c9900000, 0x00000000c9900000, 0x00000000c9a00000|  0%| F|  |TAMS 0x00000000c9900000| PB 0x00000000c9900000| Untracked 
| 154|0x00000000c9a00000, 0x00000000c9a00000, 0x00000000c9b00000|  0%| F|  |TAMS 0x00000000c9a00000| PB 0x00000000c9a00000| Untracked 
| 155|0x00000000c9b00000, 0x00000000c9b00000, 0x00000000c9c00000|  0%| F|  |TAMS 0x00000000c9b00000| PB 0x00000000c9b00000| Untracked 
| 156|0x00000000c9c00000, 0x00000000c9c00000, 0x00000000c9d00000|  0%| F|  |TAMS 0x00000000c9c00000| PB 0x00000000c9c00000| Untracked 
| 157|0x00000000c9d00000, 0x00000000c9d00000, 0x00000000c9e00000|  0%| F|  |TAMS 0x00000000c9d00000| PB 0x00000000c9d00000| Untracked 
| 158|0x00000000c9e00000, 0x00000000c9e00000, 0x00000000c9f00000|  0%| F|  |TAMS 0x00000000c9e00000| PB 0x00000000c9e00000| Untracked 
| 159|0x00000000c9f00000, 0x00000000c9f00000, 0x00000000ca000000|  0%| F|  |TAMS 0x00000000c9f00000| PB 0x00000000c9f00000| Untracked 
| 160|0x00000000ca000000, 0x00000000ca000000, 0x00000000ca100000|  0%| F|  |TAMS 0x00000000ca000000| PB 0x00000000ca000000| Untracked 
| 161|0x00000000ca100000, 0x00000000ca100000, 0x00000000ca200000|  0%| F|  |TAMS 0x00000000ca100000| PB 0x00000000ca100000| Untracked 
| 162|0x00000000ca200000, 0x00000000ca200000, 0x00000000ca300000|  0%| F|  |TAMS 0x00000000ca200000| PB 0x00000000ca200000| Untracked 
| 163|0x00000000ca300000, 0x00000000ca300000, 0x00000000ca400000|  0%| F|  |TAMS 0x00000000ca300000| PB 0x00000000ca300000| Untracked 
| 164|0x00000000ca400000, 0x00000000ca400000, 0x00000000ca500000|  0%| F|  |TAMS 0x00000000ca400000| PB 0x00000000ca400000| Untracked 
| 165|0x00000000ca500000, 0x00000000ca500000, 0x00000000ca600000|  0%| F|  |TAMS 0x00000000ca500000| PB 0x00000000ca500000| Untracked 
| 166|0x00000000ca600000, 0x00000000ca600000, 0x00000000ca700000|  0%| F|  |TAMS 0x00000000ca600000| PB 0x00000000ca600000| Untracked 
| 167|0x00000000ca700000, 0x00000000ca700000, 0x00000000ca800000|  0%| F|  |TAMS 0x00000000ca700000| PB 0x00000000ca700000| Untracked 
| 168|0x00000000ca800000, 0x00000000ca800000, 0x00000000ca900000|  0%| F|  |TAMS 0x00000000ca800000| PB 0x00000000ca800000| Untracked 
| 169|0x00000000ca900000, 0x00000000ca900000, 0x00000000caa00000|  0%| F|  |TAMS 0x00000000ca900000| PB 0x00000000ca900000| Untracked 
| 170|0x00000000caa00000, 0x00000000caa00000, 0x00000000cab00000|  0%| F|  |TAMS 0x00000000caa00000| PB 0x00000000caa00000| Untracked 
| 171|0x00000000cab00000, 0x00000000cab00000, 0x00000000cac00000|  0%| F|  |TAMS 0x00000000cab00000| PB 0x00000000cab00000| Untracked 
| 172|0x00000000cac00000, 0x00000000cac00000, 0x00000000cad00000|  0%| F|  |TAMS 0x00000000cac00000| PB 0x00000000cac00000| Untracked 
| 173|0x00000000cad00000, 0x00000000cad00000, 0x00000000cae00000|  0%| F|  |TAMS 0x00000000cad00000| PB 0x00000000cad00000| Untracked 
| 174|0x00000000cae00000, 0x00000000cae00000, 0x00000000caf00000|  0%| F|  |TAMS 0x00000000cae00000| PB 0x00000000cae00000| Untracked 
| 175|0x00000000caf00000, 0x00000000caf00000, 0x00000000cb000000|  0%| F|  |TAMS 0x00000000caf00000| PB 0x00000000caf00000| Untracked 
| 176|0x00000000cb000000, 0x00000000cb000000, 0x00000000cb100000|  0%| F|  |TAMS 0x00000000cb000000| PB 0x00000000cb000000| Untracked 
| 177|0x00000000cb100000, 0x00000000cb100000, 0x00000000cb200000|  0%| F|  |TAMS 0x00000000cb100000| PB 0x00000000cb100000| Untracked 
| 178|0x00000000cb200000, 0x00000000cb200000, 0x00000000cb300000|  0%| F|  |TAMS 0x00000000cb200000| PB 0x00000000cb200000| Untracked 
| 179|0x00000000cb300000, 0x00000000cb300000, 0x00000000cb400000|  0%| F|  |TAMS 0x00000000cb300000| PB 0x00000000cb300000| Untracked 
| 180|0x00000000cb400000, 0x00000000cb400000, 0x00000000cb500000|  0%| F|  |TAMS 0x00000000cb400000| PB 0x00000000cb400000| Untracked 
| 181|0x00000000cb500000, 0x00000000cb500000, 0x00000000cb600000|  0%| F|  |TAMS 0x00000000cb500000| PB 0x00000000cb500000| Untracked 
| 182|0x00000000cb600000, 0x00000000cb600000, 0x00000000cb700000|  0%| F|  |TAMS 0x00000000cb600000| PB 0x00000000cb600000| Untracked 
| 183|0x00000000cb700000, 0x00000000cb700000, 0x00000000cb800000|  0%| F|  |TAMS 0x00000000cb700000| PB 0x00000000cb700000| Untracked 
| 184|0x00000000cb800000, 0x00000000cb800000, 0x00000000cb900000|  0%| F|  |TAMS 0x00000000cb800000| PB 0x00000000cb800000| Untracked 
| 185|0x00000000cb900000, 0x00000000cb900000, 0x00000000cba00000|  0%| F|  |TAMS 0x00000000cb900000| PB 0x00000000cb900000| Untracked 
| 186|0x00000000cba00000, 0x00000000cba00000, 0x00000000cbb00000|  0%| F|  |TAMS 0x00000000cba00000| PB 0x00000000cba00000| Untracked 
| 187|0x00000000cbb00000, 0x00000000cbb00000, 0x00000000cbc00000|  0%| F|  |TAMS 0x00000000cbb00000| PB 0x00000000cbb00000| Untracked 
| 188|0x00000000cbc00000, 0x00000000cbc00000, 0x00000000cbd00000|  0%| F|  |TAMS 0x00000000cbc00000| PB 0x00000000cbc00000| Untracked 
| 189|0x00000000cbd00000, 0x00000000cbd00000, 0x00000000cbe00000|  0%| F|  |TAMS 0x00000000cbd00000| PB 0x00000000cbd00000| Untracked 
| 190|0x00000000cbe00000, 0x00000000cbe00000, 0x00000000cbf00000|  0%| F|  |TAMS 0x00000000cbe00000| PB 0x00000000cbe00000| Untracked 
| 191|0x00000000cbf00000, 0x00000000cbf00000, 0x00000000cc000000|  0%| F|  |TAMS 0x00000000cbf00000| PB 0x00000000cbf00000| Untracked 
| 192|0x00000000cc000000, 0x00000000cc000000, 0x00000000cc100000|  0%| F|  |TAMS 0x00000000cc000000| PB 0x00000000cc000000| Untracked 
| 193|0x00000000cc100000, 0x00000000cc100000, 0x00000000cc200000|  0%| F|  |TAMS 0x00000000cc100000| PB 0x00000000cc100000| Untracked 
| 194|0x00000000cc200000, 0x00000000cc200000, 0x00000000cc300000|  0%| F|  |TAMS 0x00000000cc200000| PB 0x00000000cc200000| Untracked 
| 195|0x00000000cc300000, 0x00000000cc300000, 0x00000000cc400000|  0%| F|  |TAMS 0x00000000cc300000| PB 0x00000000cc300000| Untracked 
| 196|0x00000000cc400000, 0x00000000cc400000, 0x00000000cc500000|  0%| F|  |TAMS 0x00000000cc400000| PB 0x00000000cc400000| Untracked 
| 197|0x00000000cc500000, 0x00000000cc500000, 0x00000000cc600000|  0%| F|  |TAMS 0x00000000cc500000| PB 0x00000000cc500000| Untracked 
| 198|0x00000000cc600000, 0x00000000cc600000, 0x00000000cc700000|  0%| F|  |TAMS 0x00000000cc600000| PB 0x00000000cc600000| Untracked 
| 199|0x00000000cc700000, 0x00000000cc700000, 0x00000000cc800000|  0%| F|  |TAMS 0x00000000cc700000| PB 0x00000000cc700000| Untracked 
| 200|0x00000000cc800000, 0x00000000cc800000, 0x00000000cc900000|  0%| F|  |TAMS 0x00000000cc800000| PB 0x00000000cc800000| Untracked 
| 201|0x00000000cc900000, 0x00000000cc900000, 0x00000000cca00000|  0%| F|  |TAMS 0x00000000cc900000| PB 0x00000000cc900000| Untracked 
| 202|0x00000000cca00000, 0x00000000cca00000, 0x00000000ccb00000|  0%| F|  |TAMS 0x00000000cca00000| PB 0x00000000cca00000| Untracked 
| 203|0x00000000ccb00000, 0x00000000ccc00000, 0x00000000ccc00000|100%| E|  |TAMS 0x00000000ccb00000| PB 0x00000000ccb00000| Complete 
| 204|0x00000000ccc00000, 0x00000000ccd00000, 0x00000000ccd00000|100%| E|CS|TAMS 0x00000000ccc00000| PB 0x00000000ccc00000| Complete 
| 205|0x00000000ccd00000, 0x00000000cce00000, 0x00000000cce00000|100%| E|CS|TAMS 0x00000000ccd00000| PB 0x00000000ccd00000| Complete 
| 243|0x00000000cf300000, 0x00000000cf400000, 0x00000000cf400000|100%| E|CS|TAMS 0x00000000cf300000| PB 0x00000000cf300000| Complete 
|1002|0x00000000fea00000, 0x00000000feb00000, 0x00000000feb00000|100%| O|  |TAMS 0x00000000fea00000| PB 0x00000000fea00000| Untracked 
|1003|0x00000000feb00000, 0x00000000fec00000, 0x00000000fec00000|100%| E|CS|TAMS 0x00000000feb00000| PB 0x00000000feb00000| Complete 
|1004|0x00000000fec00000, 0x00000000fed00000, 0x00000000fed00000|100%| O|  |TAMS 0x00000000fec00000| PB 0x00000000fec00000| Untracked 
|1005|0x00000000fed00000, 0x00000000fee00000, 0x00000000fee00000|100%| O|  |TAMS 0x00000000fed00000| PB 0x00000000fed00000| Untracked 
|1006|0x00000000fee00000, 0x00000000fef00000, 0x00000000fef00000|100%| O|  |TAMS 0x00000000fee00000| PB 0x00000000fee00000| Untracked 
|1007|0x00000000fef00000, 0x00000000ff000000, 0x00000000ff000000|100%| O|  |TAMS 0x00000000fef00000| PB 0x00000000fef00000| Untracked 
|1008|0x00000000ff000000, 0x00000000ff100000, 0x00000000ff100000|100%| O|  |TAMS 0x00000000ff000000| PB 0x00000000ff000000| Untracked 
|1009|0x00000000ff100000, 0x00000000ff200000, 0x00000000ff200000|100%| O|  |TAMS 0x00000000ff100000| PB 0x00000000ff100000| Untracked 
|1010|0x00000000ff200000, 0x00000000ff300000, 0x00000000ff300000|100%| O|  |TAMS 0x00000000ff200000| PB 0x00000000ff200000| Untracked 
|1011|0x00000000ff300000, 0x00000000ff400000, 0x00000000ff400000|100%| O|  |TAMS 0x00000000ff300000| PB 0x00000000ff300000| Untracked 
|1012|0x00000000ff400000, 0x00000000ff500000, 0x00000000ff500000|100%| O|  |TAMS 0x00000000ff400000| PB 0x00000000ff400000| Untracked 
|1013|0x00000000ff500000, 0x00000000ff600000, 0x00000000ff600000|100%| O|  |TAMS 0x00000000ff500000| PB 0x00000000ff500000| Untracked 
|1014|0x00000000ff600000, 0x00000000ff700000, 0x00000000ff700000|100%| O|  |TAMS 0x00000000ff600000| PB 0x00000000ff600000| Untracked 
|1015|0x00000000ff700000, 0x00000000ff800000, 0x00000000ff800000|100%| E|CS|TAMS 0x00000000ff700000| PB 0x00000000ff700000| Complete 
|1016|0x00000000ff800000, 0x00000000ff900000, 0x00000000ff900000|100%| E|CS|TAMS 0x00000000ff800000| PB 0x00000000ff800000| Complete 
|1017|0x00000000ff900000, 0x00000000ffa00000, 0x00000000ffa00000|100%| E|CS|TAMS 0x00000000ff900000| PB 0x00000000ff900000| Complete 
|1018|0x00000000ffa00000, 0x00000000ffb00000, 0x00000000ffb00000|100%| O|  |TAMS 0x00000000ffa00000| PB 0x00000000ffa00000| Untracked 
|1019|0x00000000ffb00000, 0x00000000ffc00000, 0x00000000ffc00000|100%| O|  |TAMS 0x00000000ffb00000| PB 0x00000000ffb00000| Untracked 
|1020|0x00000000ffc00000, 0x00000000ffd00000, 0x00000000ffd00000|100%| O|  |TAMS 0x00000000ffc00000| PB 0x00000000ffc00000| Untracked 
|1021|0x00000000ffd00000, 0x00000000ffe00000, 0x00000000ffe00000|100%| O|  |TAMS 0x00000000ffd00000| PB 0x00000000ffd00000| Untracked 
|1022|0x00000000ffe00000, 0x00000000fff00000, 0x00000000fff00000|100%| O|  |TAMS 0x00000000ffe00000| PB 0x00000000ffe00000| Untracked 
|1023|0x00000000fff00000, 0x0000000100000000, 0x0000000100000000|100%| O|  |TAMS 0x00000000fff00000| PB 0x00000000fff00000| Untracked 

Card table byte_map: [0x000002b4d6a00000,0x000002b4d6c00000] _byte_map_base: 0x000002b4d6400000

Marking Bits: (CMBitMap*) 0x000002b4c33014c0
 Bits: [0x000002b4d6c00000, 0x000002b4d7c00000)

Polling page: 0x000002b4c0e60000

Metaspace:

Usage:
  Non-class:    130.64 MB used.
      Class:     20.49 MB used.
       Both:    151.13 MB used.

Virtual space:
  Non-class space:      192.00 MB reserved,     132.00 MB ( 69%) committed,  3 nodes.
      Class space:        1.00 GB reserved,      21.88 MB (  2%) committed,  1 nodes.
             Both:        1.19 GB reserved,     153.88 MB ( 13%) committed. 

Chunk freelists:
   Non-Class:  11.77 MB
       Class:  10.16 MB
        Both:  21.92 MB

MaxMetaspaceSize: unlimited
CompressedClassSpaceSize: 1.00 GB
Initial GC threshold: 21.00 MB
Current GC threshold: 239.19 MB
CDS: on
 - commit_granule_bytes: 65536.
 - commit_granule_words: 8192.
 - virtual_space_node_default_size: 8388608.
 - enlarge_chunks_in_place: 1.
 - use_allocation_guard: 0.


Internal statistics:

num_allocs_failed_limit: 6.
num_arena_births: 5192.
num_arena_deaths: 0.
num_vsnodes_births: 4.
num_vsnodes_deaths: 0.
num_space_committed: 2460.
num_space_uncommitted: 0.
num_chunks_returned_to_freelist: 6.
num_chunks_taken_from_freelist: 12033.
num_chunk_merges: 6.
num_chunk_splits: 8214.
num_chunks_enlarged: 5476.
num_inconsistent_stats: 0.

CodeHeap 'non-profiled nmethods': size=118848Kb used=9353Kb max_used=9959Kb free=109494Kb
 bounds [0x000002b4ce0b0000, 0x000002b4cea70000, 0x000002b4d54c0000]
CodeHeap 'profiled nmethods': size=118848Kb used=27600Kb max_used=28021Kb free=91247Kb
 bounds [0x000002b4c64c0000, 0x000002b4c8070000, 0x000002b4cd8d0000]
CodeHeap 'non-nmethods': size=8064Kb used=3587Kb max_used=4560Kb free=4476Kb
 bounds [0x000002b4cd8d0000, 0x000002b4cdd50000, 0x000002b4ce0b0000]
CodeCache: size=245760Kb, used=40540Kb, max_used=42540Kb, free=205217Kb
 total_blobs=13977, nmethods=12934, adapters=943, full_count=0
Compilation: enabled, stopped_count=0, restarted_count=0

Compilation events (20 events):
Event: 782.693 Thread 0x000002b52398dd40 nmethod 22158 0x000002b4c7938a90 code [0x000002b4c7938c60, 0x000002b4c7938fa8]
Event: 782.693 Thread 0x000002b52398dd40 22162       1       org.jetbrains.kotlin.load.java.typeEnhancement.SignatureParts::isCovariant (5 bytes)
Event: 782.693 Thread 0x000002b52398ad90 nmethod 22157 0x000002b4c7c0ba10 code [0x000002b4c7c0bc80, 0x000002b4c7c0c680]
Event: 782.693 Thread 0x000002b52398dd40 nmethod 22162 0x000002b4ce46d310 code [0x000002b4ce46d4a0, 0x000002b4ce46d570]
Event: 782.693 Thread 0x000002b52398ad90 22163       3       org.jetbrains.kotlin.load.java.structure.impl.classFiles.PlainJavaClassifierType::getClassifierResolverResult (15 bytes)
Event: 782.693 Thread 0x000002b4db739610 nmethod 22160 0x000002b4c79fc090 code [0x000002b4c79fc2c0, 0x000002b4c79fc870]
Event: 782.693 Thread 0x000002b52398ad90 nmethod 22163 0x000002b4c796dd90 code [0x000002b4c796df40, 0x000002b4c796e208]
Event: 782.693 Thread 0x000002b4db739610 22164       3       org.jetbrains.kotlin.types.AbstractTypeConstructor::getSupertypes (16 bytes)
Event: 782.694 Thread 0x000002b4db739610 nmethod 22164 0x000002b4c79e3990 code [0x000002b4c79e3b40, 0x000002b4c79e3e28]
Event: 782.694 Thread 0x000002b52398ad90 22165       3       org.jetbrains.kotlin.load.java.lazy.descriptors.LazyJavaScope::getContributedFunctions (48 bytes)
Event: 782.694 Thread 0x000002b52398bb30 nmethod 22159 0x000002b4c7bd8290 code [0x000002b4c7bd8780, 0x000002b4c7bda9b8]
Event: 782.694 Thread 0x000002b4db739610 22166       1       org.jetbrains.kotlin.descriptors.impl.ValueParameterDescriptorImpl::getIndex (5 bytes)
Event: 782.694 Thread 0x000002b52398dd40 22167       3       org.jetbrains.kotlin.serialization.deserialization.descriptors.DeserializedClassDescriptor$DeserializedClassMemberScope::recordLookup (37 bytes)
Event: 782.694 Thread 0x000002b4db739610 nmethod 22166 0x000002b4ce46d010 code [0x000002b4ce46d1a0, 0x000002b4ce46d268]
Event: 782.694 Thread 0x000002b52398dd40 nmethod 22167 0x000002b4c7c0a890 code [0x000002b4c7c0ab40, 0x000002b4c7c0b620]
Event: 782.695 Thread 0x000002b52398ad90 nmethod 22165 0x000002b4c6c49190 code [0x000002b4c6c49580, 0x000002b4c6c4ae00]
Event: 785.142 Thread 0x000002b52398ad90 22168   !   2       java.util.stream.ReferencePipeline$7$1::accept (127 bytes)
Event: 785.142 Thread 0x000002b4db739610 22170       2       java.util.stream.AbstractPipeline::close (48 bytes)
Event: 785.142 Thread 0x000002b4db739610 nmethod 22170 0x000002b4c7a1b910 code [0x000002b4c7a1bac0, 0x000002b4c7a1bca0]
Event: 785.142 Thread 0x000002b52398ad90 nmethod 22168 0x000002b4c7b00d90 code [0x000002b4c7b00fe0, 0x000002b4c7b01558]

GC Heap History (20 events):
Event: 744.519 GC heap before
{Heap before GC invocations=45 (full 0):
 garbage-first heap   total 196608K, used 177822K [0x00000000c0000000, 0x0000000100000000)
  region size 1024K, 61 young (62464K), 6 survivors (6144K)
 Metaspace       used 100904K, committed 103168K, reserved 1179648K
  class space    used 14195K, committed 15360K, reserved 1048576K
}
Event: 744.526 GC heap after
{Heap after GC invocations=46 (full 0):
 garbage-first heap   total 196608K, used 117493K [0x00000000c0000000, 0x0000000100000000)
  region size 1024K, 2 young (2048K), 2 survivors (2048K)
 Metaspace       used 100904K, committed 103168K, reserved 1179648K
  class space    used 14195K, committed 15360K, reserved 1048576K
}
Event: 772.813 GC heap before
{Heap before GC invocations=46 (full 0):
 garbage-first heap   total 196608K, used 179957K [0x00000000c0000000, 0x0000000100000000)
  region size 1024K, 63 young (64512K), 2 survivors (2048K)
 Metaspace       used 101139K, committed 103488K, reserved 1179648K
  class space    used 14206K, committed 15360K, reserved 1048576K
}
Event: 772.840 GC heap after
{Heap after GC invocations=47 (full 0):
 garbage-first heap   total 196608K, used 116922K [0x00000000c0000000, 0x0000000100000000)
  region size 1024K, 1 young (1024K), 1 survivors (1024K)
 Metaspace       used 101139K, committed 103488K, reserved 1179648K
  class space    used 14206K, committed 15360K, reserved 1048576K
}
Event: 776.327 GC heap before
{Heap before GC invocations=48 (full 0):
 garbage-first heap   total 196608K, used 179386K [0x00000000c0000000, 0x0000000100000000)
  region size 1024K, 65 young (66560K), 1 survivors (1024K)
 Metaspace       used 107915K, committed 110272K, reserved 1179648K
  class space    used 15066K, committed 16256K, reserved 1048576K
}
Event: 776.337 GC heap after
{Heap after GC invocations=49 (full 0):
 garbage-first heap   total 196608K, used 120111K [0x00000000c0000000, 0x0000000100000000)
  region size 1024K, 7 young (7168K), 7 survivors (7168K)
 Metaspace       used 107915K, committed 110272K, reserved 1179648K
  class space    used 15066K, committed 16256K, reserved 1048576K
}
Event: 777.600 GC heap before
{Heap before GC invocations=49 (full 0):
 garbage-first heap   total 196608K, used 180527K [0x00000000c0000000, 0x0000000100000000)
  region size 1024K, 66 young (67584K), 7 survivors (7168K)
 Metaspace       used 115800K, committed 118144K, reserved 1179648K
  class space    used 16401K, committed 17536K, reserved 1048576K
}
Event: 777.612 GC heap after
{Heap after GC invocations=50 (full 0):
 garbage-first heap   total 196608K, used 110584K [0x00000000c0000000, 0x0000000100000000)
  region size 1024K, 4 young (4096K), 4 survivors (4096K)
 Metaspace       used 115800K, committed 118144K, reserved 1179648K
  class space    used 16401K, committed 17536K, reserved 1048576K
}
Event: 778.812 GC heap before
{Heap before GC invocations=50 (full 0):
 garbage-first heap   total 196608K, used 180216K [0x00000000c0000000, 0x0000000100000000)
  region size 1024K, 72 young (73728K), 4 survivors (4096K)
 Metaspace       used 125850K, committed 128192K, reserved 1179648K
  class space    used 17653K, committed 18816K, reserved 1048576K
}
Event: 778.822 GC heap after
{Heap after GC invocations=51 (full 0):
 garbage-first heap   total 196608K, used 112590K [0x00000000c0000000, 0x0000000100000000)
  region size 1024K, 6 young (6144K), 6 survivors (6144K)
 Metaspace       used 125850K, committed 128192K, reserved 1179648K
  class space    used 17653K, committed 18816K, reserved 1048576K
}
Event: 779.589 GC heap before
{Heap before GC invocations=52 (full 0):
 garbage-first heap   total 196608K, used 189390K [0x00000000c0000000, 0x0000000100000000)
  region size 1024K, 73 young (74752K), 6 survivors (6144K)
 Metaspace       used 129985K, committed 132480K, reserved 1179648K
  class space    used 18151K, committed 19392K, reserved 1048576K
}
Event: 779.603 GC heap after
{Heap after GC invocations=53 (full 0):
 garbage-first heap   total 208896K, used 126350K [0x00000000c0000000, 0x0000000100000000)
  region size 1024K, 10 young (10240K), 10 survivors (10240K)
 Metaspace       used 129985K, committed 132480K, reserved 1179648K
  class space    used 18151K, committed 19392K, reserved 1048576K
}
Event: 780.388 GC heap before
{Heap before GC invocations=53 (full 0):
 garbage-first heap   total 208896K, used 193934K [0x00000000c0000000, 0x0000000100000000)
  region size 1024K, 69 young (70656K), 10 survivors (10240K)
 Metaspace       used 137052K, committed 139584K, reserved 1179648K
  class space    used 18823K, committed 20096K, reserved 1048576K
}
Event: 780.395 GC heap after
{Heap after GC invocations=54 (full 0):
 garbage-first heap   total 214016K, used 136922K [0x00000000c0000000, 0x0000000100000000)
  region size 1024K, 6 young (6144K), 6 survivors (6144K)
 Metaspace       used 137052K, committed 139584K, reserved 1179648K
  class space    used 18823K, committed 20096K, reserved 1048576K
}
Event: 781.158 GC heap before
{Heap before GC invocations=54 (full 0):
 garbage-first heap   total 214016K, used 194266K [0x00000000c0000000, 0x0000000100000000)
  region size 1024K, 62 young (63488K), 6 survivors (6144K)
 Metaspace       used 143872K, committed 146624K, reserved 1179648K
  class space    used 19701K, committed 21120K, reserved 1048576K
}
Event: 781.162 GC heap after
{Heap after GC invocations=55 (full 0):
 garbage-first heap   total 214016K, used 139915K [0x00000000c0000000, 0x0000000100000000)
  region size 1024K, 4 young (4096K), 4 survivors (4096K)
 Metaspace       used 143872K, committed 146624K, reserved 1179648K
  class space    used 19701K, committed 21120K, reserved 1048576K
}
Event: 781.730 GC heap before
{Heap before GC invocations=56 (full 0):
 garbage-first heap   total 234496K, used 196235K [0x00000000c0000000, 0x0000000100000000)
  region size 1024K, 59 young (60416K), 4 survivors (4096K)
 Metaspace       used 148174K, committed 150912K, reserved 1179648K
  class space    used 20265K, committed 21632K, reserved 1048576K
}
Event: 781.734 GC heap after
{Heap after GC invocations=57 (full 0):
 garbage-first heap   total 234496K, used 143430K [0x00000000c0000000, 0x0000000100000000)
  region size 1024K, 8 young (8192K), 8 survivors (8192K)
 Metaspace       used 148174K, committed 150912K, reserved 1179648K
  class space    used 20265K, committed 21632K, reserved 1048576K
}
Event: 782.677 GC heap before
{Heap before GC invocations=57 (full 0):
 garbage-first heap   total 234496K, used 215110K [0x00000000c0000000, 0x0000000100000000)
  region size 1024K, 78 young (79872K), 8 survivors (8192K)
 Metaspace       used 154154K, committed 156928K, reserved 1245184K
  class space    used 20935K, committed 22336K, reserved 1048576K
}
Event: 782.682 GC heap after
{Heap after GC invocations=58 (full 0):
 garbage-first heap   total 234496K, used 144853K [0x00000000c0000000, 0x0000000100000000)
  region size 1024K, 9 young (9216K), 9 survivors (9216K)
 Metaspace       used 154154K, committed 156928K, reserved 1245184K
  class space    used 20935K, committed 22336K, reserved 1048576K
}

Dll operation events (14 events):
Event: 0.010 Loaded shared library C:\Users\30720\.trae-cn\extensions\redhat.java-1.54.0-win32-x64\jre\21.0.10-win32-x86_64\bin\java.dll
Event: 0.031 Loaded shared library C:\Users\30720\.trae-cn\extensions\redhat.java-1.54.0-win32-x64\jre\21.0.10-win32-x86_64\bin\zip.dll
Event: 0.067 Loaded shared library C:\Users\30720\.trae-cn\extensions\redhat.java-1.54.0-win32-x64\jre\21.0.10-win32-x86_64\bin\instrument.dll
Event: 0.071 Loaded shared library C:\Users\30720\.trae-cn\extensions\redhat.java-1.54.0-win32-x64\jre\21.0.10-win32-x86_64\bin\net.dll
Event: 0.074 Loaded shared library C:\Users\30720\.trae-cn\extensions\redhat.java-1.54.0-win32-x64\jre\21.0.10-win32-x86_64\bin\nio.dll
Event: 0.076 Loaded shared library C:\Users\30720\.trae-cn\extensions\redhat.java-1.54.0-win32-x64\jre\21.0.10-win32-x86_64\bin\zip.dll
Event: 0.231 Loaded shared library C:\Users\30720\.trae-cn\extensions\redhat.java-1.54.0-win32-x64\jre\21.0.10-win32-x86_64\bin\jimage.dll
Event: 0.327 Loaded shared library C:\Users\30720\.trae-cn\extensions\redhat.java-1.54.0-win32-x64\jre\21.0.10-win32-x86_64\bin\verify.dll
Event: 0.412 Loaded shared library C:\Users\30720\.gradle\native\1def1411415f61bf3af743bc5b6707747c0891f09f0c88961ee8f79bc544acac\windows-amd64\native-platform.dll
Event: 0.418 Loaded shared library C:\Users\30720\.gradle\native\0.2.7\x86_64-windows-gnu\gradle-fileevents.dll
Event: 1.106 Loaded shared library C:\Users\30720\.trae-cn\extensions\redhat.java-1.54.0-win32-x64\jre\21.0.10-win32-x86_64\bin\management.dll
Event: 1.109 Loaded shared library C:\Users\30720\.trae-cn\extensions\redhat.java-1.54.0-win32-x64\jre\21.0.10-win32-x86_64\bin\management_ext.dll
Event: 1.216 Loaded shared library C:\Users\30720\.trae-cn\extensions\redhat.java-1.54.0-win32-x64\jre\21.0.10-win32-x86_64\bin\extnet.dll
Event: 1.386 Loaded shared library C:\Users\30720\.trae-cn\extensions\redhat.java-1.54.0-win32-x64\jre\21.0.10-win32-x86_64\bin\sunmscapi.dll

Deoptimization events (20 events):
Event: 782.581 Thread 0x000002b528628f30 DEOPT PACKING pc=0x000002b4ce983748 sp=0x000000c48f2f44c0
Event: 782.581 Thread 0x000002b528628f30 DEOPT UNPACKING pc=0x000002b4cd927ba2 sp=0x000000c48f2f4400 mode 2
Event: 782.581 Thread 0x000002b528628f30 Uncommon trap: trap_request=0xffffffde fr.pc=0x000002b4ce983748 relative=0x0000000000000408
Event: 782.581 Thread 0x000002b528628f30 Uncommon trap: reason=class_check action=maybe_recompile pc=0x000002b4ce983748 method=org.jetbrains.kotlin.storage.LockBasedStorageManager$LockBasedLazyValue.invoke()Ljava/lang/Object; @ 24 c2
Event: 782.581 Thread 0x000002b528628f30 DEOPT PACKING pc=0x000002b4ce983748 sp=0x000000c48f2f44c0
Event: 782.581 Thread 0x000002b528628f30 DEOPT UNPACKING pc=0x000002b4cd927ba2 sp=0x000000c48f2f4400 mode 2
Event: 782.584 Thread 0x000002b528628f30 Uncommon trap: trap_request=0xffffffde fr.pc=0x000002b4ce964bcc relative=0x000000000000040c
Event: 782.584 Thread 0x000002b528628f30 Uncommon trap: reason=class_check action=maybe_recompile pc=0x000002b4ce964bcc method=org.jetbrains.kotlin.storage.LockBasedStorageManager$LockBasedLazyValue.invoke()Ljava/lang/Object; @ 24 c2
Event: 782.584 Thread 0x000002b528628f30 DEOPT PACKING pc=0x000002b4ce964bcc sp=0x000000c48f2f4180
Event: 782.584 Thread 0x000002b528628f30 DEOPT UNPACKING pc=0x000002b4cd927ba2 sp=0x000000c48f2f4130 mode 2
Event: 782.661 Thread 0x000002b528628f30 Uncommon trap: trap_request=0xffffffc6 fr.pc=0x000002b4ce94b478 relative=0x0000000000000618
Event: 782.661 Thread 0x000002b528628f30 Uncommon trap: reason=bimorphic_or_optimized_type_check action=maybe_recompile pc=0x000002b4ce94b478 method=org.jetbrains.kotlin.storage.LockBasedStorageManager$LockBasedLazyValue.invoke()Ljava/lang/Object; @ 24 c2
Event: 782.661 Thread 0x000002b528628f30 DEOPT PACKING pc=0x000002b4ce94b478 sp=0x000000c48f2f59d0
Event: 782.661 Thread 0x000002b528628f30 DEOPT UNPACKING pc=0x000002b4cd927ba2 sp=0x000000c48f2f5918 mode 2
Event: 782.661 Thread 0x000002b528628f30 Uncommon trap: trap_request=0xffffffc6 fr.pc=0x000002b4ce94b478 relative=0x0000000000000618
Event: 782.661 Thread 0x000002b528628f30 Uncommon trap: reason=bimorphic_or_optimized_type_check action=maybe_recompile pc=0x000002b4ce94b478 method=org.jetbrains.kotlin.storage.LockBasedStorageManager$LockBasedLazyValue.invoke()Ljava/lang/Object; @ 24 c2
Event: 782.661 Thread 0x000002b528628f30 DEOPT PACKING pc=0x000002b4ce94b478 sp=0x000000c48f2f57b0
Event: 782.661 Thread 0x000002b528628f30 DEOPT UNPACKING pc=0x000002b4cd927ba2 sp=0x000000c48f2f56f8 mode 2
Event: 782.959 Thread 0x000002b52320d2c0 DEOPT PACKING pc=0x000002b4c7d7839c sp=0x000000c48f9fef20
Event: 782.959 Thread 0x000002b52320d2c0 DEOPT UNPACKING pc=0x000002b4cd9286e2 sp=0x000000c48f9fe3e0 mode 0

Classes loaded (20 events):
Event: 779.228 Loading class java/util/regex/Pattern$Bound
Event: 779.228 Loading class java/util/regex/Pattern$Bound done
Event: 780.812 Loading class java/text/StringCharacterIterator
Event: 780.813 Loading class java/text/CharacterIterator
Event: 780.813 Loading class java/text/CharacterIterator done
Event: 780.813 Loading class java/text/StringCharacterIterator done
Event: 781.047 Loading class java/util/function/IntUnaryOperator
Event: 781.048 Loading class java/util/function/IntUnaryOperator done
Event: 781.189 Loading class java/util/AbstractList$RandomAccessSubList
Event: 781.189 Loading class java/util/AbstractList$SubList
Event: 781.189 Loading class java/util/AbstractList$SubList done
Event: 781.189 Loading class java/util/AbstractList$RandomAccessSubList done
Event: 781.500 Loading class java/util/AbstractList$SubList$1
Event: 781.500 Loading class java/util/AbstractList$SubList$1 done
Event: 781.622 Loading class java/util/EnumMap$EntrySet
Event: 781.622 Loading class java/util/EnumMap$EntrySet done
Event: 781.623 Loading class java/util/EnumMap$EntryIterator
Event: 781.623 Loading class java/util/EnumMap$EntryIterator done
Event: 781.623 Loading class java/util/EnumMap$EntryIterator$Entry
Event: 781.623 Loading class java/util/EnumMap$EntryIterator$Entry done

Classes unloaded (0 events):
No events

Classes redefined (0 events):
No events

Internal exceptions (20 events):
Event: 778.509 Thread 0x000002b528628f30 Exception <a 'java/lang/NoSuchMethodError'{0x00000000c8254e00}: 'long java.lang.invoke.DirectMethodHandle$Holder.invokeStatic(java.lang.Object, java.lang.Object, int)'> (0x00000000c8254e00) 
thrown [s\src\hotspot\share\interpreter\linkResolver.cpp, line 773]
Event: 778.509 Thread 0x000002b528628f30 Exception <a 'java/lang/NoSuchMethodError'{0x00000000c8261388}: 'java.lang.Object java.lang.invoke.DelegatingMethodHandle$Holder.reinvoke_L(java.lang.Object, int, long, java.lang.Object, java.lang.Object, int, java.lang.Object)'> (0x00000000c8261388) 
thrown [s\src\hotspot\share\interpreter\linkResolver.cpp, line 773]
Event: 778.876 Thread 0x000002b528628f30 Exception <a 'java/lang/NoSuchMethodError'{0x00000000ff762d68}: 'java.lang.Object java.lang.invoke.Invokers$Holder.invokeExact_MT(java.lang.Object, java.lang.Object, long, java.lang.Object)'> (0x00000000ff762d68) 
thrown [s\src\hotspot\share\interpreter\linkResolver.cpp, line 773]
Event: 778.878 Thread 0x000002b528628f30 Implicit null exception at 0x000002b4ce9d10fa to 0x000002b4ce9d1b88
Event: 778.985 Thread 0x000002b528628f30 Implicit null exception at 0x000002b4ce2b79e6 to 0x000002b4ce2b859c
Event: 779.189 Thread 0x000002b528628f30 Implicit null exception at 0x000002b4ce84406c to 0x000002b4ce8461f0
Event: 780.399 Thread 0x000002b528628f30 Exception <a 'java/lang/NoSuchMethodError'{0x00000000ff84cd20}: 'java.lang.Object java.lang.invoke.DirectMethodHandle$Holder.newInvokeSpecial(java.lang.Object, java.lang.Object, java.lang.Object, java.lang.Object, java.lang.Object, java.lang.Object, java.lang.Object, java.lang.Object, java.lang.Object, java.lang.Object, java.lang.Object, java.lang.Object, java.lang.Object, java.lang.Object, java.lang.Object, java.lang.Object, java.lang.Object, java.lang.Object, java.lang.Object, java.lang.Object, java.lang
Event: 780.412 Thread 0x000002b528628f30 Exception <a 'java/lang/NoSuchMethodError'{0x00000000cf3414b0}: 'java.lang.Object java.lang.invoke.DirectMethodHandle$Holder.newInvokeSpecial(java.lang.Object, java.lang.Object, java.lang.Object, java.lang.Object, java.lang.Object, java.lang.Object, java.lang.Object, java.lang.Object, java.lang.Object, java.lang.Object, java.lang.Object, java.lang.Object, java.lang.Object, java.lang.Object, java.lang.Object, java.lang.Object, java.lang.Object, java.lang.Object, java.lang.Object, java.lang.Object)'> (0x0000
Event: 780.412 Thread 0x000002b528628f30 Exception <a 'java/lang/NoSuchMethodError'{0x00000000cf348f10}: 'java.lang.Object java.lang.invoke.DirectMethodHandle$Holder.invokeSpecial(java.lang.Object, java.lang.Object, java.lang.Object, java.lang.Object, java.lang.Object, java.lang.Object, java.lang.Object, java.lang.Object, java.lang.Object, java.lang.Object, java.lang.Object, java.lang.Object, java.lang.Object, java.lang.Object, java.lang.Object, java.lang.Object, java.lang.Object, java.lang.Object, java.lang.Object, java.lang.Object, java.lang.Ob
Event: 780.412 Thread 0x000002b528628f30 Exception <a 'java/lang/NoSuchMethodError'{0x00000000cf34f6e0}: 'java.lang.Object java.lang.invoke.DelegatingMethodHandle$Holder.reinvoke_L(java.lang.Object, java.lang.Object, java.lang.Object, java.lang.Object, java.lang.Object, java.lang.Object, java.lang.Object, java.lang.Object, java.lang.Object, java.lang.Object, java.lang.Object, java.lang.Object, java.lang.Object, java.lang.Object, java.lang.Object, java.lang.Object, java.lang.Object, java.lang.Object, java.lang.Object, java.lang.Object)'> (0x000000
Event: 781.048 Thread 0x000002b528628f30 Exception <a 'java/lang/NoSuchMethodError'{0x00000000c8938698}: 'int java.lang.invoke.DirectMethodHandle$Holder.invokeSpecial(java.lang.Object, java.lang.Object, int, int)'> (0x00000000c8938698) 
thrown [s\src\hotspot\share\interpreter\linkResolver.cpp, line 773]
Event: 781.234 Thread 0x000002b528628f30 Exception <a 'java/lang/NoSuchMethodError'{0x00000000ccd73360}: 'java.lang.Object java.lang.invoke.DirectMethodHandle$Holder.invokeStatic(java.lang.Object, int, java.lang.Object, java.lang.Object, java.lang.Object, java.lang.Object, java.lang.Object, java.lang.Object)'> (0x00000000ccd73360) 
thrown [s\src\hotspot\share\interpreter\linkResolver.cpp, line 773]
Event: 781.234 Thread 0x000002b528628f30 Exception <a 'java/lang/NoSuchMethodError'{0x00000000ccd7e858}: 'java.lang.Object java.lang.invoke.DirectMethodHandle$Holder.newInvokeSpecial(java.lang.Object, int, java.lang.Object, java.lang.Object, java.lang.Object, java.lang.Object, java.lang.Object)'> (0x00000000ccd7e858) 
thrown [s\src\hotspot\share\interpreter\linkResolver.cpp, line 773]
Event: 781.235 Thread 0x000002b528628f30 Exception <a 'java/lang/NoSuchMethodError'{0x00000000ccd84760}: 'java.lang.Object java.lang.invoke.DirectMethodHandle$Holder.invokeSpecial(java.lang.Object, java.lang.Object, int, java.lang.Object, java.lang.Object, java.lang.Object, java.lang.Object, java.lang.Object)'> (0x00000000ccd84760) 
thrown [s\src\hotspot\share\interpreter\linkResolver.cpp, line 773]
Event: 782.103 Thread 0x000002b528628f30 Exception <a 'java/lang/NoSuchMethodError'{0x00000000caec5040}: 'java.lang.Object java.lang.invoke.DirectMethodHandle$Holder.invokeStatic(java.lang.Object, java.lang.Object, java.lang.Object, java.lang.Object, int, java.lang.Object, java.lang.Object)'> (0x00000000caec5040) 
thrown [s\src\hotspot\share\interpreter\linkResolver.cpp, line 773]
Event: 782.295 Thread 0x000002b528628f30 Exception <a 'java/lang/NoSuchMethodError'{0x00000000ca50da28}: 'java.lang.Object java.lang.invoke.DirectMethodHandle$Holder.newInvokeSpecial(java.lang.Object, java.lang.Object, java.lang.Object, java.lang.Object, java.lang.Object, java.lang.Object, java.lang.Object, int)'> (0x00000000ca50da28) 
thrown [s\src\hotspot\share\interpreter\linkResolver.cpp, line 773]
Event: 782.295 Thread 0x000002b528628f30 Exception <a 'java/lang/NoSuchMethodError'{0x00000000ca513b08}: 'java.lang.Object java.lang.invoke.DirectMethodHandle$Holder.invokeSpecial(java.lang.Object, java.lang.Object, java.lang.Object, java.lang.Object, java.lang.Object, java.lang.Object, java.lang.Object, java.lang.Object, int)'> (0x00000000ca513b08) 
thrown [s\src\hotspot\share\interpreter\linkResolver.cpp, line 773]
Event: 782.633 Thread 0x000002b528628f30 Exception <a 'java/lang/NoSuchMethodError'{0x00000000c87c5ed8}: 'java.lang.Object java.lang.invoke.DirectMethodHandle$Holder.newInvokeSpecial(java.lang.Object, java.lang.Object, java.lang.Object, java.lang.Object, java.lang.Object, int, java.lang.Object)'> (0x00000000c87c5ed8) 
thrown [s\src\hotspot\share\interpreter\linkResolver.cpp, line 773]
Event: 782.633 Thread 0x000002b528628f30 Exception <a 'java/lang/NoSuchMethodError'{0x00000000c87cb8e8}: 'java.lang.Object java.lang.invoke.DirectMethodHandle$Holder.invokeSpecial(java.lang.Object, java.lang.Object, java.lang.Object, java.lang.Object, java.lang.Object, java.lang.Object, int, java.lang.Object)'> (0x00000000c87cb8e8) 
thrown [s\src\hotspot\share\interpreter\linkResolver.cpp, line 773]
Event: 782.633 Thread 0x000002b528628f30 Exception <a 'java/lang/NoSuchMethodError'{0x00000000c87d0c18}: 'java.lang.Object java.lang.invoke.Invokers$Holder.linkToTargetMethod(java.lang.Object, java.lang.Object, java.lang.Object, java.lang.Object, int, java.lang.Object, java.lang.Object)'> (0x00000000c87d0c18) 
thrown [s\src\hotspot\share\interpreter\linkResolver.cpp, line 773]

ZGC Phase Switch (0 events):
No events

VM Operations (20 events):
Event: 781.589 Executing non-safepoint VM operation: HandshakeAllThreads (Deoptimize)
Event: 781.589 Executing non-safepoint VM operation: HandshakeAllThreads (Deoptimize) done
Event: 781.696 Executing non-safepoint VM operation: HandshakeAllThreads (HandshakeForDeflation)
Event: 781.696 Executing non-safepoint VM operation: HandshakeAllThreads (HandshakeForDeflation) done
Event: 781.696 Executing non-safepoint VM operation: RendezvousGCThreads
Event: 781.696 Executing non-safepoint VM operation: RendezvousGCThreads done
Event: 781.730 Executing safepoint VM operation: G1CollectForAllocation (G1 Evacuation Pause)
Event: 781.734 Executing safepoint VM operation: G1CollectForAllocation (G1 Evacuation Pause) done
Event: 782.221 Executing safepoint VM operation: ICBufferFull
Event: 782.221 Executing safepoint VM operation: ICBufferFull done
Event: 782.363 Executing non-safepoint VM operation: HandshakeAllThreads (Deoptimize)
Event: 782.363 Executing non-safepoint VM operation: HandshakeAllThreads (Deoptimize) done
Event: 782.512 Executing non-safepoint VM operation: HandshakeAllThreads (Deoptimize)
Event: 782.512 Executing non-safepoint VM operation: HandshakeAllThreads (Deoptimize) done
Event: 782.666 Executing safepoint VM operation: ICBufferFull
Event: 782.666 Executing safepoint VM operation: ICBufferFull done
Event: 782.677 Executing safepoint VM operation: G1CollectForAllocation (G1 Evacuation Pause)
Event: 782.683 Executing safepoint VM operation: G1CollectForAllocation (G1 Evacuation Pause) done
Event: 783.687 Executing safepoint VM operation: Cleanup
Event: 783.687 Executing safepoint VM operation: Cleanup done

Memory protections (0 events):
No events

Nmethod flushes (20 events):
Event: 781.200 Thread 0x000002b4daed7560 flushing  nmethod 0x000002b4c6d9ed90
Event: 781.200 Thread 0x000002b4daed7560 flushing  nmethod 0x000002b4c7049a90
Event: 781.200 Thread 0x000002b4daed7560 flushing  nmethod 0x000002b4c704ba90
Event: 781.200 Thread 0x000002b4daed7560 flushing  nmethod 0x000002b4c70d0c10
Event: 781.200 Thread 0x000002b4daed7560 flushing  nmethod 0x000002b4c70d1490
Event: 781.200 Thread 0x000002b4daed7560 flushing  nmethod 0x000002b4c70d3610
Event: 781.200 Thread 0x000002b4daed7560 flushing  nmethod 0x000002b4c711ba90
Event: 781.200 Thread 0x000002b4daed7560 flushing  nmethod 0x000002b4c711c490
Event: 781.200 Thread 0x000002b4daed7560 flushing  nmethod 0x000002b4c718dc90
Event: 781.200 Thread 0x000002b4daed7560 flushing  nmethod 0x000002b4c7197b10
Event: 781.200 Thread 0x000002b4daed7560 flushing  nmethod 0x000002b4c752a210
Event: 781.200 Thread 0x000002b4daed7560 flushing  nmethod 0x000002b4c75caa90
Event: 781.200 Thread 0x000002b4daed7560 flushing  nmethod 0x000002b4c75cb090
Event: 781.200 Thread 0x000002b4daed7560 flushing  nmethod 0x000002b4c75cbe90
Event: 781.200 Thread 0x000002b4daed7560 flushing  nmethod 0x000002b4c7b78890
Event: 781.200 Thread 0x000002b4daed7560 flushing  nmethod 0x000002b4c7b78e90
Event: 781.200 Thread 0x000002b4daed7560 flushing  nmethod 0x000002b4c7fc0790
Event: 781.200 Thread 0x000002b4daed7560 flushing  nmethod 0x000002b4c7fc1f90
Event: 781.200 Thread 0x000002b4daed7560 flushing  nmethod 0x000002b4c7fc9a90
Event: 781.200 Thread 0x000002b4daed7560 flushing  nmethod 0x000002b4c7fca190

Events (20 events):
Event: 772.685 Thread 0x000002b528628f30 Thread added: 0x000002b524230f20
Event: 772.685 Thread 0x000002b528628f30 Thread added: 0x000002b524232960
Event: 772.752 Thread 0x000002b528628f30 Thread added: 0x000002b524230200
Event: 772.758 Thread 0x000002b528628f30 Thread added: 0x000002b5242315b0
Event: 772.844 Thread 0x000002b528628f30 Thread added: 0x000002b52422f4e0
Event: 772.859 Thread 0x000002b528628f30 Thread added: 0x000002b524232ff0
Event: 772.863 Thread 0x000002b528628f30 Thread added: 0x000002b524233d10
Event: 775.029 Thread 0x000002b4db739610 Thread added: 0x000002b52398ad90
Event: 775.047 Thread 0x000002b4db739610 Thread added: 0x000002b52398bb30
Event: 776.110 Thread 0x000002b52398bb30 Thread added: 0x000002b52398cfa0
Event: 776.982 Thread 0x000002b528628f30 Thread added: 0x000002b523392c90
Event: 777.039 Thread 0x000002b522b0bc70 Thread added: 0x000002b5233939b0
Event: 777.154 Thread 0x000002b52398cfa0 Thread exited: 0x000002b52398cfa0
Event: 778.996 Thread 0x000002b52398ad90 Thread added: 0x000002b52398cfa0
Event: 778.998 Thread 0x000002b52398ad90 Thread added: 0x000002b52398dd40
Event: 779.581 Thread 0x000002b52398cfa0 Thread exited: 0x000002b52398cfa0
Event: 780.419 Thread 0x000002b52398dd40 Thread added: 0x000002b4db7dd870
Event: 781.213 Thread 0x000002b4db7dd870 Thread exited: 0x000002b4db7dd870
Event: 785.142 Thread 0x000002b52398dd40 Thread exited: 0x000002b52398dd40
Event: 785.142 Thread 0x000002b52398bb30 Thread exited: 0x000002b52398bb30


Dynamic libraries:
0x00007ff689150000 - 0x00007ff68915e000 	C:\Users\30720\.trae-cn\extensions\redhat.java-1.54.0-win32-x64\jre\21.0.10-win32-x86_64\bin\java.exe
0x00007ff91d2e0000 - 0x00007ff91d547000 	C:\WINDOWS\SYSTEM32\ntdll.dll
0x00007ff91bc30000 - 0x00007ff91bcf9000 	C:\WINDOWS\System32\KERNEL32.DLL
0x00007ff91a9a0000 - 0x00007ff91ad91000 	C:\WINDOWS\System32\KERNELBASE.dll
0x00007ff91a820000 - 0x00007ff91a96b000 	C:\WINDOWS\System32\ucrtbase.dll
0x00007ff8fd880000 - 0x00007ff8fd898000 	C:\Users\30720\.trae-cn\extensions\redhat.java-1.54.0-win32-x64\jre\21.0.10-win32-x86_64\bin\jli.dll
0x00007ff8fd8a0000 - 0x00007ff8fd8be000 	C:\Users\30720\.trae-cn\extensions\redhat.java-1.54.0-win32-x64\jre\21.0.10-win32-x86_64\bin\VCRUNTIME140.dll
0x00007ff91cc40000 - 0x00007ff91ce05000 	C:\WINDOWS\System32\USER32.dll
0x00007ff8faf10000 - 0x00007ff8fb1a3000 	C:\WINDOWS\WinSxS\amd64_microsoft.windows.common-controls_6595b64144ccf1df_6.0.26100.8037_none_3e092faae333b53b\COMCTL32.dll
0x00007ff91a970000 - 0x00007ff91a997000 	C:\WINDOWS\System32\win32u.dll
0x00007ff91c290000 - 0x00007ff91c2bb000 	C:\WINDOWS\System32\GDI32.dll
0x00007ff91a580000 - 0x00007ff91a6ab000 	C:\WINDOWS\System32\gdi32full.dll
0x00007ff91c5d0000 - 0x00007ff91c679000 	C:\WINDOWS\System32\msvcrt.dll
0x00007ff91afd0000 - 0x00007ff91b073000 	C:\WINDOWS\System32\msvcp_win.dll
0x00007ff91bd30000 - 0x00007ff91bd61000 	C:\WINDOWS\System32\IMM32.DLL
0x00007ff914e20000 - 0x00007ff914e2c000 	C:\Users\30720\.trae-cn\extensions\redhat.java-1.54.0-win32-x64\jre\21.0.10-win32-x86_64\bin\vcruntime140_1.dll
0x00007ff8e7980000 - 0x00007ff8e7a0d000 	C:\Users\30720\.trae-cn\extensions\redhat.java-1.54.0-win32-x64\jre\21.0.10-win32-x86_64\bin\msvcp140.dll
0x00007ff87c740000 - 0x00007ff87d4e1000 	C:\Users\30720\.trae-cn\extensions\redhat.java-1.54.0-win32-x64\jre\21.0.10-win32-x86_64\bin\server\jvm.dll
0x00007ff91c2c0000 - 0x00007ff91c37b000 	C:\WINDOWS\System32\ADVAPI32.dll
0x00007ff91b090000 - 0x00007ff91b137000 	C:\WINDOWS\System32\sechost.dll
0x00007ff91bdc0000 - 0x00007ff91bed8000 	C:\WINDOWS\System32\RPCRT4.dll
0x00007ff91bbb0000 - 0x00007ff91bc24000 	C:\WINDOWS\System32\WS2_32.dll
0x00007ff919870000 - 0x00007ff9198ce000 	C:\WINDOWS\SYSTEM32\POWRPROF.dll
0x00007ff912f90000 - 0x00007ff912f9b000 	C:\WINDOWS\SYSTEM32\VERSION.dll
0x00007ff90cd10000 - 0x00007ff90cd45000 	C:\WINDOWS\SYSTEM32\WINMM.dll
0x00007ff919850000 - 0x00007ff919864000 	C:\WINDOWS\SYSTEM32\UMPDC.dll
0x00007ff918950000 - 0x00007ff91896b000 	C:\WINDOWS\SYSTEM32\kernel.appcore.dll
0x00007ff912560000 - 0x00007ff91256a000 	C:\Users\30720\.trae-cn\extensions\redhat.java-1.54.0-win32-x64\jre\21.0.10-win32-x86_64\bin\jimage.dll
0x00007ff917770000 - 0x00007ff9179b2000 	C:\WINDOWS\SYSTEM32\DBGHELP.DLL
0x00007ff91ce10000 - 0x00007ff91d192000 	C:\WINDOWS\System32\combase.dll
0x00007ff91bee0000 - 0x00007ff91bfb7000 	C:\WINDOWS\System32\OLEAUT32.dll
0x00007ff8f8e80000 - 0x00007ff8f8ebb000 	C:\WINDOWS\SYSTEM32\dbgcore.DLL
0x00007ff91af20000 - 0x00007ff91afc5000 	C:\WINDOWS\System32\bcryptPrimitives.dll
0x00007ff911eb0000 - 0x00007ff911ebf000 	C:\Users\30720\.trae-cn\extensions\redhat.java-1.54.0-win32-x64\jre\21.0.10-win32-x86_64\bin\instrument.dll
0x00007ff8fd500000 - 0x00007ff8fd520000 	C:\Users\30720\.trae-cn\extensions\redhat.java-1.54.0-win32-x64\jre\21.0.10-win32-x86_64\bin\java.dll
0x00007ff91b440000 - 0x00007ff91bb9f000 	C:\WINDOWS\System32\SHELL32.dll
0x00007ff91a6b0000 - 0x00007ff91a81a000 	C:\WINDOWS\System32\wintypes.dll
0x00007ff919d10000 - 0x00007ff91a574000 	C:\WINDOWS\System32\windows.storage.dll
0x00007ff91d1a0000 - 0x00007ff91d297000 	C:\WINDOWS\System32\SHCORE.dll
0x00007ff91c220000 - 0x00007ff91c287000 	C:\WINDOWS\System32\shlwapi.dll
0x00007ff919ae0000 - 0x00007ff919b09000 	C:\WINDOWS\SYSTEM32\profapi.dll
0x00007ff8fcf40000 - 0x00007ff8fcf58000 	C:\Users\30720\.trae-cn\extensions\redhat.java-1.54.0-win32-x64\jre\21.0.10-win32-x86_64\bin\zip.dll
0x00007ff90d8b0000 - 0x00007ff90d8c0000 	C:\Users\30720\.trae-cn\extensions\redhat.java-1.54.0-win32-x64\jre\21.0.10-win32-x86_64\bin\net.dll
0x00007ff9139d0000 - 0x00007ff913af7000 	C:\WINDOWS\SYSTEM32\WINHTTP.dll
0x00007ff918ec0000 - 0x00007ff918f2b000 	C:\WINDOWS\system32\mswsock.dll
0x00007ff8fcde0000 - 0x00007ff8fcdf6000 	C:\Users\30720\.trae-cn\extensions\redhat.java-1.54.0-win32-x64\jre\21.0.10-win32-x86_64\bin\nio.dll
0x00007ff90cfa0000 - 0x00007ff90cfb0000 	C:\Users\30720\.trae-cn\extensions\redhat.java-1.54.0-win32-x64\jre\21.0.10-win32-x86_64\bin\verify.dll
0x00007ff8e7860000 - 0x00007ff8e7887000 	C:\Users\30720\.gradle\native\1def1411415f61bf3af743bc5b6707747c0891f09f0c88961ee8f79bc544acac\windows-amd64\native-platform.dll
0x00007ff88a320000 - 0x00007ff88a398000 	C:\Users\30720\.gradle\native\0.2.7\x86_64-windows-gnu\gradle-fileevents.dll
0x00007ff904f10000 - 0x00007ff904f1a000 	C:\Users\30720\.trae-cn\extensions\redhat.java-1.54.0-win32-x64\jre\21.0.10-win32-x86_64\bin\management.dll
0x00007ff901d80000 - 0x00007ff901d8c000 	C:\Users\30720\.trae-cn\extensions\redhat.java-1.54.0-win32-x64\jre\21.0.10-win32-x86_64\bin\management_ext.dll
0x00007ff91c560000 - 0x00007ff91c568000 	C:\WINDOWS\System32\PSAPI.DLL
0x00007ff918470000 - 0x00007ff9184a3000 	C:\WINDOWS\SYSTEM32\IPHLPAPI.DLL
0x00007ff91b080000 - 0x00007ff91b08a000 	C:\WINDOWS\System32\NSI.dll
0x00007ff90be80000 - 0x00007ff90be89000 	C:\Users\30720\.trae-cn\extensions\redhat.java-1.54.0-win32-x64\jre\21.0.10-win32-x86_64\bin\extnet.dll
0x00007ff9191a0000 - 0x00007ff9191bb000 	C:\WINDOWS\SYSTEM32\CRYPTSP.dll
0x00007ff9188b0000 - 0x00007ff9188e9000 	C:\WINDOWS\system32\rsaenh.dll
0x00007ff918f70000 - 0x00007ff918fa2000 	C:\WINDOWS\SYSTEM32\USERENV.dll
0x00007ff919ab0000 - 0x00007ff919ada000 	C:\WINDOWS\SYSTEM32\bcrypt.dll
0x00007ff9191c0000 - 0x00007ff9191cc000 	C:\WINDOWS\SYSTEM32\CRYPTBASE.dll
0x00007ff90cf70000 - 0x00007ff90cf7e000 	C:\Users\30720\.trae-cn\extensions\redhat.java-1.54.0-win32-x64\jre\21.0.10-win32-x86_64\bin\sunmscapi.dll
0x00007ff91ada0000 - 0x00007ff91af17000 	C:\WINDOWS\System32\CRYPT32.dll
0x00007ff919430000 - 0x00007ff919460000 	C:\WINDOWS\SYSTEM32\ncrypt.dll
0x00007ff919370000 - 0x00007ff9193af000 	C:\WINDOWS\SYSTEM32\NTASN1.dll
0x00007ff8fcb90000 - 0x00007ff8fcb98000 	C:\WINDOWS\system32\wshunix.dll
0x00007ff8ebe20000 - 0x00007ff8ebe38000 	C:\WINDOWS\system32\napinsp.dll
0x00007ff9184b0000 - 0x00007ff9185da000 	C:\WINDOWS\SYSTEM32\DNSAPI.dll
0x00007ff8ebc50000 - 0x00007ff8ebc62000 	C:\WINDOWS\System32\winrnr.dll
0x00007ff912600000 - 0x00007ff912616000 	C:\WINDOWS\system32\wshbth.dll
0x00007ff8ebc20000 - 0x00007ff8ebc42000 	C:\WINDOWS\system32\nlansp_c.dll
0x00007ff9127c0000 - 0x00007ff9127cb000 	C:\Windows\System32\rasadhlp.dll
0x00007ff913da0000 - 0x00007ff913e26000 	C:\WINDOWS\System32\fwpuclnt.dll

JVMTI agents:
C:\Users\30720\.gradle\wrapper\dists\gradle-8.13-bin\5xuhj0ry160q40clulazy9h7d\gradle-8.13\lib\agents\gradle-instrumentation-agent-8.13.jar path:C:\Users\30720\.trae-cn\extensions\redhat.java-1.54.0-win32-x64\jre\21.0.10-win32-x86_64\bin\instrument.dll, loaded, initialized, instrumentlib options:none

dbghelp: loaded successfully - version: 4.0.5 - missing functions: none
symbol engine: initialized successfully - sym options: 0x614 - pdb path: .;C:\Users\30720\.trae-cn\extensions\redhat.java-1.54.0-win32-x64\jre\21.0.10-win32-x86_64\bin;C:\WINDOWS\SYSTEM32;C:\WINDOWS\WinSxS\amd64_microsoft.windows.common-controls_6595b64144ccf1df_6.0.26100.8037_none_3e092faae333b53b;C:\Users\30720\.trae-cn\extensions\redhat.java-1.54.0-win32-x64\jre\21.0.10-win32-x86_64\bin\server;C:\Users\30720\.gradle\native\1def1411415f61bf3af743bc5b6707747c0891f09f0c88961ee8f79bc544acac\windows-amd64;C:\Users\30720\.gradle\native\0.2.7\x86_64-windows-gnu

VM Arguments:
jvm_args: --add-opens=java.base/java.lang=ALL-UNNAMED --add-opens=java.base/java.lang.invoke=ALL-UNNAMED --add-opens=java.base/java.util=ALL-UNNAMED --add-opens=java.prefs/java.util.prefs=ALL-UNNAMED --add-exports=jdk.compiler/com.sun.tools.javac.api=ALL-UNNAMED --add-exports=jdk.compiler/com.sun.tools.javac.util=ALL-UNNAMED --add-opens=java.base/java.util=ALL-UNNAMED --add-opens=java.prefs/java.util.prefs=ALL-UNNAMED --add-opens=java.base/java.nio.charset=ALL-UNNAMED --add-opens=java.base/java.net=ALL-UNNAMED --add-opens=java.base/java.util.concurrent.atomic=ALL-UNNAMED --add-opens=java.xml/javax.xml.namespace=ALL-UNNAMED -Xmx1024m -Dfile.encoding=UTF-8 -Duser.country=CN -Duser.language=zh -Duser.variant -javaagent:C:\Users\30720\.gradle\wrapper\dists\gradle-8.13-bin\5xuhj0ry160q40clulazy9h7d\gradle-8.13\lib\agents\gradle-instrumentation-agent-8.13.jar 
java_command: org.gradle.launcher.daemon.bootstrap.GradleDaemon 8.13
java_class_path (initial): C:\Users\30720\.gradle\wrapper\dists\gradle-8.13-bin\5xuhj0ry160q40clulazy9h7d\gradle-8.13\lib\gradle-daemon-main-8.13.jar
Launcher Type: SUN_STANDARD

[Global flags]
     intx CICompilerCount                          = 15                                        {product} {ergonomic}
     uint ConcGCThreads                            = 6                                         {product} {ergonomic}
     uint G1ConcRefinementThreads                  = 23                                        {product} {ergonomic}
   size_t G1HeapRegionSize                         = 1048576                                   {product} {ergonomic}
    uintx GCDrainStackTargetSize                   = 64                                        {product} {ergonomic}
   size_t InitialHeapSize                          = 255852544                                 {product} {ergonomic}
   size_t MarkStackSize                            = 4194304                                   {product} {ergonomic}
   size_t MaxHeapSize                              = 1073741824                                {product} {command line}
   size_t MaxNewSize                               = 643825664                                 {product} {ergonomic}
   size_t MinHeapDeltaBytes                        = 1048576                                   {product} {ergonomic}
   size_t MinHeapSize                              = 8388608                                   {product} {ergonomic}
    uintx NonNMethodCodeHeapSize                   = 8192380                                {pd product} {ergonomic}
    uintx NonProfiledCodeHeapSize                  = 121732930                              {pd product} {ergonomic}
    uintx ProfiledCodeHeapSize                     = 121732930                              {pd product} {ergonomic}
    uintx ReservedCodeCacheSize                    = 251658240                              {pd product} {ergonomic}
     bool SegmentedCodeCache                       = true                                      {product} {ergonomic}
   size_t SoftMaxHeapSize                          = 1073741824                             {manageable} {ergonomic}
     bool UseCompressedOops                        = true                           {product lp64_product} {ergonomic}
     bool UseG1GC                                  = true                                      {product} {ergonomic}
     bool UseLargePagesIndividualAllocation        = false                                  {pd product} {ergonomic}

Logging:
Log output configuration:
 #0: stdout all=warning uptime,level,tags foldmultilines=false
 #1: stderr all=off uptime,level,tags foldmultilines=false

Release file:
JAVA_VERSION="21.0.10" 
MODULES="java.base java.compiler java.datatransfer java.xml java.prefs java.desktop java.instrument java.logging java.management java.security.sasl java.naming java.rmi java.management.rmi java.net.http java.scripting java.security.jgss java.transaction.xa java.sql java.sql.rowset java.xml.crypto java.se java.smartcardio jdk.accessibility jdk.internal.jvmstat jdk.attach jdk.charsets jdk.internal.opt jdk.zipfs jdk.compiler jdk.crypto.ec jdk.crypto.cryptoki jdk.crypto.mscapi jdk.dynalink jdk.internal.ed jdk.editpad jdk.hotspot.agent jdk.httpserver jdk.internal.le jdk.internal.vm.ci jdk.internal.vm.compiler jdk.internal.vm.compiler.management jdk.jartool jdk.javadoc jdk.jcmd jdk.management jdk.management.agent jdk.jconsole jdk.jdeps jdk.jdwp.agent jdk.jdi jdk.jfr jdk.jshell jdk.jsobject jdk.jstatd jdk.localedata jdk.management.jfr jdk.naming.dns jdk.naming.rmi jdk.net jdk.nio.mapmode jdk.random jdk.sctp jdk.security.auth jdk.security.jgss jdk.unsupported jdk.unsupported.desktop jdk.xml.dom" 

Environment Variables:
JAVA_HOME=D:\jdk
PATH=D:\jdk\bin;C:\Users\30720\.trae-cn\tools\maven\latest\bin;C:\Users\30720\.trae-cn\tools\gradle\latest\bin;c:\Users\30720\.trae-cn\tools\trae-gopls\current;c:\Users\30720\.trae-cn\sdks\workspaces\71beeda3\versions\node\current;c:\Users\30720\.trae-cn\sdks\versions\node\current;D:\jdk17\jdk\bin;C:\Program Files\Common Files\Oracle\Java\javapath;D:\virtual\bin\;D:\jdk17\jdk\bin;C:\Windows\system32;C:\Windows;C:\Windows\System32\Wbem;C:\Windows\System32\WindowsPowerShell\v1.0\;C:\Windows\System32\OpenSSH\;C:\Program Files (x86)\NVIDIA Corporation\PhysX\Common;C:\Program Files\dotnet\;C:\WINDOWS\system32;C:\WINDOWS;C:\WINDOWS\System32\Wbem;C:\WINDOWS\System32\WindowsPowerShell\v1.0\;C:\WINDOWS\System32\OpenSSH\;D:\Development\Node\;D:\Development\Git\cmd;D:\Development\apache-maven-3.9.11\bin;D:\Development\mysql-8.0.43-winx64\bin;D:\mysql\MySQL Server 8.0\bin;D:\kotlin\kotlinc\bin;D:\jdk11\bin;D:\MySQL\MySQL Shell 8.0\bin\;C:\Users\30720\AppData\Local\Microsoft\WindowsApps;D:\VSCode\Microsoft VS Code\bin;C:\Users\30720\AppData\Roaming\npm;D:\Cursor\cursor\resources\app\bin;d:\Trae IDE\TraeCN\Trae CN\resources\app\bin\lib
USERNAME=30720
OS=Windows_NT
PROCESSOR_IDENTIFIER=AMD64 Family 25 Model 97 Stepping 2, AuthenticAMD
TMP=C:\Users\30720\AppData\Local\Temp
TEMP=C:\Users\30720\AppData\Local\Temp




Periodic native trim disabled

---------------  S Y S T E M  ---------------

OS:
 Windows 11 , 64 bit Build 26100 (10.0.26100.7920)
OS uptime: 11 days 23:00 hours
Hyper-V role detected

CPU: total 32 (initial active 32) (32 cores per cpu, 2 threads per core) family 25 model 97 stepping 2 microcode 0xa601203, cx8, cmov, fxsr, ht, mmx, 3dnowpref, sse, sse2, sse3, ssse3, sse4a, sse4.1, sse4.2, popcnt, lzcnt, tsc, tscinvbit, avx, avx2, aes, erms, clmul, bmi1, bmi2, adx, avx512f, avx512dq, avx512cd, avx512bw, avx512vl, sha, fma, vzeroupper, avx512_vpopcntdq, avx512_vpclmulqdq, avx512_vaes, avx512_vnni, clflush, clflushopt, avx512_vbmi2, avx512_vbmi, hv, rdtscp, rdpid, fsrm, gfni, avx512_bitalg, f16c, cet_ss, avx512_ifma
Processor Information for processor 0
  Max Mhz: 2501, Current Mhz: 2007, Mhz Limit: 2501
Processor Information for processor 1
  Max Mhz: 2501, Current Mhz: 2501, Mhz Limit: 2501
Processor Information for processor 2
  Max Mhz: 2501, Current Mhz: 2501, Mhz Limit: 2501
Processor Information for processor 3
  Max Mhz: 2501, Current Mhz: 2007, Mhz Limit: 2501
Processor Information for processor 4
  Max Mhz: 2501, Current Mhz: 2501, Mhz Limit: 2501
Processor Information for processor 5
  Max Mhz: 2501, Current Mhz: 2501, Mhz Limit: 2501
Processor Information for processor 6
  Max Mhz: 2501, Current Mhz: 2007, Mhz Limit: 2501
Processor Information for processor 7
  Max Mhz: 2501, Current Mhz: 2501, Mhz Limit: 2501
Processor Information for processor 8
  Max Mhz: 2501, Current Mhz: 2501, Mhz Limit: 2501
Processor Information for processor 9
  Max Mhz: 2501, Current Mhz: 2501, Mhz Limit: 2501
Processor Information for processor 10
  Max Mhz: 2501, Current Mhz: 2007, Mhz Limit: 2501
Processor Information for processor 11
  Max Mhz: 2501, Current Mhz: 2007, Mhz Limit: 2501
Processor Information for processor 12
  Max Mhz: 2501, Current Mhz: 2007, Mhz Limit: 2501
Processor Information for processor 13
  Max Mhz: 2501, Current Mhz: 2501, Mhz Limit: 2501
Processor Information for processor 14
  Max Mhz: 2501, Current Mhz: 2501, Mhz Limit: 2501
Processor Information for processor 15
  Max Mhz: 2501, Current Mhz: 2501, Mhz Limit: 2501
Processor Information for processor 16
  Max Mhz: 2501, Current Mhz: 2007, Mhz Limit: 2501
Processor Information for processor 17
  Max Mhz: 2501, Current Mhz: 2007, Mhz Limit: 2501
Processor Information for processor 18
  Max Mhz: 2501, Current Mhz: 2501, Mhz Limit: 2501
Processor Information for processor 19
  Max Mhz: 2501, Current Mhz: 2007, Mhz Limit: 2501
Processor Information for processor 20
  Max Mhz: 2501, Current Mhz: 2007, Mhz Limit: 2501
Processor Information for processor 21
  Max Mhz: 2501, Current Mhz: 2007, Mhz Limit: 2501
Processor Information for processor 22
  Max Mhz: 2501, Current Mhz: 2007, Mhz Limit: 2501
Processor Information for processor 23
  Max Mhz: 2501, Current Mhz: 2007, Mhz Limit: 2501
Processor Information for processor 24
  Max Mhz: 2501, Current Mhz: 2007, Mhz Limit: 2501
Processor Information for processor 25
  Max Mhz: 2501, Current Mhz: 2007, Mhz Limit: 2501
Processor Information for processor 26
  Max Mhz: 2501, Current Mhz: 2501, Mhz Limit: 2501
Processor Information for processor 27
  Max Mhz: 2501, Current Mhz: 2501, Mhz Limit: 2501
Processor Information for processor 28
  Max Mhz: 2501, Current Mhz: 2007, Mhz Limit: 2501
Processor Information for processor 29
  Max Mhz: 2501, Current Mhz: 2007, Mhz Limit: 2501
Processor Information for processor 30
  Max Mhz: 2501, Current Mhz: 2007, Mhz Limit: 2501
Processor Information for processor 31
  Max Mhz: 2501, Current Mhz: 2007, Mhz Limit: 2501

Memory: 4k page, system-wide physical 15540M (416M free)
TotalPageFile size 53940M (AvailPageFile size 0M)
current process WorkingSet (physical memory assigned to process): 497M, peak: 507M
current process commit charge ("private bytes"): 677M, peak: 679M

vm_info: OpenJDK 64-Bit Server VM (21.0.10+7-LTS) for windows-amd64 JRE (21.0.10+7-LTS), built on 2026-01-20T00:00:00Z by "admin" with MS VC++ 17.12 (VS2022)

END.
